******************************************************************************
                  TI ARM Linker PC v20.2.7                     
******************************************************************************
>> Linked Sun Nov 26 14:22:44 2023

OUTPUT FILE NAME:   <Final.out>
ENTRY POINT SYMBOL: "_c_int00_noargs"  address: 00007b55


MEMORY CONFIGURATION

         name            origin    length      used     unused   attr    fill
----------------------  --------  ---------  --------  --------  ----  --------
  FLASH                 00000000   00040000  00008112  00037eee  R  X
  SRAM                  20000000   00008000  00005fc5  0000203b  RW X


SEGMENT ALLOCATION MAP

run origin  load origin   length   init length attrs members
----------  ----------- ---------- ----------- ----- -------
00000000    00000000    00008118   00008118    r-x
  00000000    00000000    0000026c   0000026c    r-- .intvecs
  0000026c    0000026c    00007b1c   00007b1c    r-x .text
  00007d88    00007d88    0000031a   0000031a    r-- .const
  000080a8    000080a8    00000070   00000070    r-- .cinit
20000000    20000000    00005fcb   00000000    rw-
  20000000    20000000    0000026c   00000000    rw- .vtable
  2000026c    2000026c    000050a6   00000000    rw- .bss
  20005318    20005318    00000800   00000000    rw- .stack
  20005b18    20005b18    00000400   00000000    rw- .sysmem
  20005f18    20005f18    000000b3   00000000    rw- .data


SECTION ALLOCATION MAP

 output                                  attributes/
section   page    origin      length       input sections
--------  ----  ----------  ----------   ----------------
.intvecs   0    00000000    0000026c     
                  00000000    0000026c     tm4c123gh6pm_startup_ccs.obj (.intvecs)

.text      0    0000026c    00007b1c     
                  0000026c    00001b1c     movement.obj (.text)
                  00001d88    00000c20     open_interface.obj (.text)
                  000029a8    00000a4e     rtsv7M4_T_le_v4SPD16_eabi.lib : _printfi.c.obj (.text:__TI_printfi)
                  000033f6    00000002                                   : _lock.c.obj (.text:_nop)
                  000033f8    000009d0                                   : e_pow.c.obj (.text:pow)
                  00003dc8    00000738                                   : k_rem_pio2.c.obj (.text:__kernel_rem_pio2)
                  00004500    000005e0                                   : s_sin.c.obj (.text:sin)
                  00004ae0    000005dc                                   : s_cos.c.obj (.text:cos)
                  000050bc    00000328     lcd.obj (.text)
                  000053e4    000002a4     ping.obj (.text)
                  00005688    00000270     rtsv7M4_T_le_v4SPD16_eabi.lib : _printfi.c.obj (.text:_pconv_a)
                  000058f8    00000248     Timer.obj (.text)
                  00005b40    00000200     servo.obj (.text)
                  00005d40    000001dc     main.obj (.text)
                  00005f1c    000001d0     rtsv7M4_T_le_v4SPD16_eabi.lib : _printfi.c.obj (.text:_pconv_g)
                  000060ec    000001b6                                   : fd_add_t2.asm.obj (.text)
                  000062a2    00000002                                   : div0.asm.obj (.text)
                  000062a4    0000019c     uart.obj (.text)
                  00006440    00000174     rtsv7M4_T_le_v4SPD16_eabi.lib : k_sin.c.obj (.text:__kernel_sin)
                  000065b4    00000170                                   : k_cos.c.obj (.text:__kernel_cos)
                  00006724    00000158                                   : e_sqrt.c.obj (.text:sqrt)
                  0000687c    0000013c                                   : _printfi.c.obj (.text:_pconv_e)
                  000069b8    00000136                                   : fd_div_t2.asm.obj (.text)
                  00006aee    00000002     --HOLE-- [fill = 0]
                  00006af0    00000124                                   : _printfi.c.obj (.text:fcvt)
                  00006c14    00000110                                   : s_scalbn.c.obj (.text:scalbn)
                  00006d24    00000100                                   : memory.c.obj (.text:aligned_alloc)
                  00006e24    000000fc                                   : fd_mul_t2.asm.obj (.text)
                  00006f20    000000f8                                   : s_floor.c.obj (.text:floor)
                  00007018    000000e4     adc.obj (.text)
                  000070fc    000000e4     rtsv7M4_T_le_v4SPD16_eabi.lib : memory.c.obj (.text:free)
                  000071e0    000000b8     button.obj (.text)
                  00007298    000000b1     rtsv7M4_T_le_v4SPD16_eabi.lib : _printfi.c.obj (.text:_ltostr)
                  00007349    00000001     --HOLE-- [fill = 0]
                  0000734a    0000009c                                   : memcpy_t2.asm.obj (.text)
                  000073e6    00000096                                   : ull_div_t2.asm.obj (.text)
                  0000747c    00000086                                   : fd_cmp_t2.asm.obj (.text:__aeabi_cdcmple)
                  00007502    00000086                                   : fd_cmp_t2.asm.obj (.text:__aeabi_cdrcmple)
                  00007588    0000007a                                   : memset_t2.asm.obj (.text)
                  00007602    00000002     --HOLE-- [fill = 0]
                  00007604    00000070                                   : memory.c.obj (.text:split)
                  00007674    0000006e                                   : _printfi.c.obj (.text:_mcpy)
                  000076e2    0000006e                                   : fd_tos_t2.asm.obj (.text)
                  00007750    00000068                                   : copy_decompress_lzss.c.obj (.text:decompress:lzss:__TI_decompress_lzss)
                  000077b8    00000064                                   : s_frexp.c.obj (.text:frexp)
                  0000781c    00000056                                   : _printfi.c.obj (.text:_pconv_f)
                  00007872    00000054                                   : _ltoa.c.obj (.text:__TI_ltoa)
                  000078c6    00000052                                   : _printfi.c.obj (.text:_ecpy)
                  00007918    0000004c                                   : atoi.c.obj (.text:atoi)
                  00007964    00000048                                   : fd_toi_t2.asm.obj (.text)
                  000079ac    00000044                                   : autoinit.c.obj (.text:__TI_auto_init_nobinit_nopinit:__TI_auto_init_nobinit_nopinit)
                  000079f0    00000040                                   : sprintf.c.obj (.text:sprintf)
                  00007a30    00000040                                   : vsnprintf.c.obj (.text:vsnprintf)
                  00007a70    0000003e                                   : _printfi.c.obj (.text:_fcpy)
                  00007aae    00000002     --HOLE-- [fill = 0]
                  00007ab0    00000038                                   : memory.c.obj (.text:calloc)
                  00007ae8    00000038                                   : fs_tod_t2.asm.obj (.text)
                  00007b20    00000034     driverlib.lib : interrupt.obj (.text:IntRegister)
                  00007b54    00000034     rtsv7M4_T_le_v4SPD16_eabi.lib : boot_cortex_m.c.obj (.text:_c_int00_noargs:_c_int00_noargs)
                  00007b88    00000030                                   : vsnprintf.c.obj (.text:_outs)
                  00007bb8    0000002e                                   : i_tofd_t2.asm.obj (.text)
                  00007be6    00000002     --HOLE-- [fill = 0]
                  00007be8    00000028                                   : memory.c.obj (.text:free_list_insert)
                  00007c10    0000001c                                   : memory.c.obj (.text:free_list_remove)
                  00007c2c    0000001c                                   : memccpy.c.obj (.text:memccpy)
                  00007c48    0000001a                                   : s_copysign.c.obj (.text:copysign)
                  00007c62    00000018                                   : vsnprintf.c.obj (.text:_outc)
                  00007c7a    00000018                                   : sprintf.c.obj (.text:_outs)
                  00007c92    00000018     open_interface.obj (.text:oi_parseInt)
                  00007caa    00000018     rtsv7M4_T_le_v4SPD16_eabi.lib : strcmp.c.obj (.text:strcmp)
                  00007cc2    00000016                                   : strchr.c.obj (.text:strchr)
                  00007cd8    00000014                                   : strcpy.c.obj (.text:strcpy)
                  00007cec    00000014                                   : strlen.c.obj (.text:strlen)
                  00007d00    00000012                                   : wcslen.c.obj (.text:wcslen)
                  00007d12    00000010     driverlib.lib : interrupt.obj (.text:IntMasterEnable)
                  00007d22    00000010     lcd.obj (.text:lcd_clear)
                  00007d32    0000000e     rtsv7M4_T_le_v4SPD16_eabi.lib : copy_decompress_none.c.obj (.text:decompress:none:__TI_decompress_none)
                  00007d40    0000000c     driverlib.lib : cpu.obj (.text:CPUcpsie)
                  00007d4c    0000000c     rtsv7M4_T_le_v4SPD16_eabi.lib : copy_zero_init.c.obj (.text:decompress:ZI:__TI_zero_init)
                  00007d58    0000000c     tm4c123gh6pm_startup_ccs.obj (.text)
                  00007d64    0000000a     rtsv7M4_T_le_v4SPD16_eabi.lib : sprintf.c.obj (.text:_outc)
                  00007d6e    00000002     --HOLE-- [fill = 0]
                  00007d70    00000008                                   : errno.c.obj (.text:__aeabi_errno_addr)
                  00007d78    00000008                                   : memory.c.obj (.text:malloc)
                  00007d80    00000004                                   : pre_init.c.obj (.text:_system_pre_init)
                  00007d84    00000004                                   : exit.c.obj (.text:abort:abort)

.const     0    00007d88    0000031a     
                  00007d88    00000158     rtsv7M4_T_le_v4SPD16_eabi.lib : k_rem_pio2.c.obj (.const:$O1$$)
                  00007ee0    00000101                                   : ctype.c.obj (.const:.string:_ctypes_)
                  00007fe1    00000004     lcd.obj (.const:.string:lineAddress$1)
                  00007fe5    00000003     --HOLE-- [fill = 0]
                  00007fe8    00000030     rtsv7M4_T_le_v4SPD16_eabi.lib : e_pow.c.obj (.const:$O1$$)
                  00008018    00000020     movement.obj (.const:.string:$P$T3$4)
                  00008038    0000001e     movement.obj (.const:.string:$P$T0$1)
                  00008056    0000001d     movement.obj (.const:.string:$P$T1$2)
                  00008073    0000001c     movement.obj (.const:.string:$P$T2$3)
                  0000808f    0000000f     open_interface.obj (.const:.string:$P$T0$3)
                  0000809e    00000004     lcd.obj (.const:.string:lineAddresses$2)

.cinit     0    000080a8    00000070     
                  000080a8    00000039     (.cinit..data.load) [load image, compression = lzss]
                  000080e1    00000003     --HOLE-- [fill = 0]
                  000080e4    0000000c     (__TI_handler_table)
                  000080f0    00000008     (.cinit..bss.load) [load image, compression = zero_init]
                  000080f8    00000008     (.cinit..vtable.load) [load image, compression = zero_init]
                  00008100    00000018     (__TI_cinit_table)

.init_array 
*          0    00000000    00000000     UNINITIALIZED

.vtable    0    20000000    0000026c     UNINITIALIZED
                  20000000    0000026c     driverlib.lib : interrupt.obj (.vtable)

.bss       0    2000026c    000050a6     UNINITIALIZED
                  2000026c    00004ec0     (.common:mapArray)
                  2000512c    0000016c     (.common:total_distance)
                  20005298    00000054     lcd.obj (.bss:lastbuffer$3)
                  200052ec    00000018     open_interface.obj (.bss:firmware$2)
                  20005304    00000008     (.common:ourCoords)
                  2000530c    00000004     (.common:_timeout_ticks)
                  20005310    00000001     (.common:state)
                  20005311    00000001     (.common:uart_data)

.stack     0    20005318    00000800     UNINITIALIZED
                  20005318    00000004     rtsv7M4_T_le_v4SPD16_eabi.lib : boot_cortex_m.c.obj (.stack)
                  2000531c    000007fc     --HOLE--

.sysmem    0    20005b18    00000400     UNINITIALIZED
                  20005b18    00000010     rtsv7M4_T_le_v4SPD16_eabi.lib : memory.c.obj (.sysmem)
                  20005b28    000003f0     --HOLE--

.data      0    20005f18    000000b3     UNINITIALIZED
                  20005f18    00000040     movement.obj (.data)
                  20005f58    00000028     movement.obj (.data:midAngle)
                  20005f80    00000020     open_interface.obj (.data)
                  20005fa0    00000010     ping.obj (.data)
                  20005fb0    00000008     rtsv7M4_T_le_v4SPD16_eabi.lib : _lock.c.obj (.data:$O1$$)
                  20005fb8    00000008                                   : memory.c.obj (.data:$O1$$)
                  20005fc0    00000004                                   : errno.c.obj (.data)
                  20005fc4    00000004     servo.obj (.data)
                  20005fc8    00000001     Timer.obj (.data)
                  20005fc9    00000001     button.obj (.data)
                  20005fca    00000001     uart.obj (.data)

__llvm_prf_cnts 
*          0    20000000    00000000     UNINITIALIZED

MODULE SUMMARY

       Module                         code    ro data   rw data
       ------                         ----    -------   -------
    .\
       movement.obj                   6940    119       20636  
       open_interface.obj             3128    15        56     
       lcd.obj                        824     8         84     
       ping.obj                       676     0         17     
       tm4c123gh6pm_startup_ccs.obj   12      620       0      
       Timer.obj                      584     0         5      
       servo.obj                      512     0         4      
       main.obj                       476     0         0      
       uart.obj                       412     0         2      
       adc.obj                        228     0         0      
       button.obj                     184     0         1      
    +--+------------------------------+-------+---------+---------+
       Total:                         13976   762       20805  
                                                               
    C:/ti/TivaWare_C_Series-2.2.0.295/driverlib/ccs/Debug/driverlib.lib
       interrupt.obj                  68      0         620    
       cpu.obj                        12      0         0      
    +--+------------------------------+-------+---------+---------+
       Total:                         80      0         620    
                                                               
    C:\ti\ccs1230\ccs\tools\compiler\ti-cgt-arm_20.2.7.LTS\lib\rtsv7M4_T_le_v4SPD16_eabi.lib
       _printfi.c.obj                 4851    0         0      
       e_pow.c.obj                    2512    48        0      
       k_rem_pio2.c.obj               1848    344       0      
       s_sin.c.obj                    1504    0         0      
       s_cos.c.obj                    1500    0         0      
       memory.c.obj                   728     0         8      
       fd_add_t2.asm.obj              438     0         0      
       k_sin.c.obj                    372     0         0      
       k_cos.c.obj                    368     0         0      
       e_sqrt.c.obj                   344     0         0      
       fd_div_t2.asm.obj              310     0         0      
       s_scalbn.c.obj                 272     0         0      
       fd_cmp_t2.asm.obj              268     0         0      
       ctype.c.obj                    0       257       0      
       fd_mul_t2.asm.obj              252     0         0      
       s_floor.c.obj                  248     0         0      
       memcpy_t2.asm.obj              156     0         0      
       ull_div_t2.asm.obj             150     0         0      
       vsnprintf.c.obj                136     0         0      
       memset_t2.asm.obj              122     0         0      
       fd_tos_t2.asm.obj              110     0         0      
       copy_decompress_lzss.c.obj     104     0         0      
       s_frexp.c.obj                  100     0         0      
       sprintf.c.obj                  98      0         0      
       _ltoa.c.obj                    84      0         0      
       atoi.c.obj                     76      0         0      
       fd_toi_t2.asm.obj              72      0         0      
       autoinit.c.obj                 68      0         0      
       fs_tod_t2.asm.obj              56      0         0      
       boot_cortex_m.c.obj            52      0         0      
       i_tofd_t2.asm.obj              46      0         0      
       memccpy.c.obj                  28      0         0      
       s_copysign.c.obj               26      0         0      
       strcmp.c.obj                   24      0         0      
       strchr.c.obj                   22      0         0      
       strcpy.c.obj                   20      0         0      
       strlen.c.obj                   20      0         0      
       wcslen.c.obj                   18      0         0      
       copy_decompress_none.c.obj     14      0         0      
       copy_zero_init.c.obj           12      0         0      
       errno.c.obj                    8       0         4      
       _lock.c.obj                    2       0         8      
       exit.c.obj                     4       0         0      
       pre_init.c.obj                 4       0         0      
       div0.asm.obj                   2       0         0      
    +--+------------------------------+-------+---------+---------+
       Total:                         17449   649       20     
                                                               
       Heap:                          0       0         1024   
       Stack:                         0       0         2048   
       Linker Generated:              0       109       0      
    +--+------------------------------+-------+---------+---------+
       Grand Total:                   31505   1520      24517  


LINKER GENERATED COPY TABLES

__TI_cinit_table @ 00008100 records: 3, size/record: 8, table size: 24
	.data: load addr=000080a8, load size=00000039 bytes, run addr=20005f18, run size=000000b3 bytes, compression=lzss
	.bss: load addr=000080f0, load size=00000008 bytes, run addr=2000026c, run size=000050a6 bytes, compression=zero_init
	.vtable: load addr=000080f8, load size=00000008 bytes, run addr=20000000, run size=0000026c bytes, compression=zero_init


LINKER GENERATED HANDLER TABLE

__TI_handler_table @ 000080e4 records: 3, size/record: 4, table size: 12
	index: 0, handler: __TI_zero_init
	index: 1, handler: __TI_decompress_lzss
	index: 2, handler: __TI_decompress_none


GLOBAL SYMBOLS: SORTED ALPHABETICALLY BY Name 

address   name                          
-------   ----                          
00007d85  C$$EXIT                       
00007d41  CPUcpsie                      
000026df  GPIOF_Handler                 
00007d13  IntMasterEnable               
00007b21  IntRegister                   
00007d59  ResetISR                      
000055c9  TIMER3B_Wrangler              
20005b18  __STACK_END                   
00000800  __STACK_SIZE                  
20005518  __STACK_TOP                   
00000400  __SYSMEM_SIZE                 
00008100  __TI_CINIT_Base               
00008118  __TI_CINIT_Limit              
000080e4  __TI_Handler_Table_Base       
000080f0  __TI_Handler_Table_Limit      
000079ad  __TI_auto_init_nobinit_nopinit
00007751  __TI_decompress_lzss          
00007d33  __TI_decompress_none          
00007873  __TI_ltoa                     
ffffffff  __TI_pprof_out_hndl           
000029a9  __TI_printfi                  
ffffffff  __TI_prof_data_size           
ffffffff  __TI_prof_data_start          
00000000  __TI_static_base__            
00007d4d  __TI_zero_init                
0000747d  __aeabi_cdcmpeq               
0000747d  __aeabi_cdcmple               
00007503  __aeabi_cdrcmple              
000076e3  __aeabi_d2f                   
00007965  __aeabi_d2iz                  
000060f7  __aeabi_dadd                  
000069b9  __aeabi_ddiv                  
00006e25  __aeabi_dmul                  
000060ed  __aeabi_dsub                  
00007d71  __aeabi_errno_addr            
00007ae9  __aeabi_f2d                   
00007bb9  __aeabi_i2d                   
000062a3  __aeabi_idiv0                 
000062a3  __aeabi_ldiv0                 
00007589  __aeabi_memclr                
00007589  __aeabi_memclr4               
00007589  __aeabi_memclr8               
0000734b  __aeabi_memcpy                
0000734b  __aeabi_memcpy4               
0000734b  __aeabi_memcpy8               
0000758b  __aeabi_memset                
0000758b  __aeabi_memset4               
0000758b  __aeabi_memset8               
000073e7  __aeabi_uldivmod              
ffffffff  __binit__                     
ffffffff  __c_args__                    
000065b5  __kernel_cos                  
00003dc9  __kernel_rem_pio2             
00006441  __kernel_sin                  
UNDEFED   __mpu_init                    
20005318  __stack                       
20000000  __start___llvm_prf_cnts       
20000000  __stop___llvm_prf_cnts        
00007b55  _c_int00_noargs               
00007ee0  _ctypes_                      
20005fb0  _lock                         
000033f7  _nop                          
20005fc8  _running                      
20005b18  _sys_memory                   
UNDEFED   _system_post_cinit            
00007d81  _system_pre_init              
2000530c  _timeout_ticks                
20005fb4  _unlock                       
00007d85  abort                         
00007019  adc_init                      
00007085  adc_read                      
00006d25  aligned_alloc                 
00007919  atoi                          
00001761  automomousDriving             
ffffffff  binit                         
000009b5  bumpedLeft                    
000009ef  bumpedRight                   
0000720d  button_getButton              
000071e1  button_init                   
00000fdd  calculateData                 
00005c2d  calibrate_Servo               
20005fac  callPulse                     
00007ab1  calloc                        
00000a29  cliffDetected                 
00000a81  cliffIRValues                 
00001619  convertToCm                   
00007c49  copysign                      
00007c49  copysignl                     
00004ae1  cos                           
00004ae1  cosl                          
000019cd  createMap                     
20005f18  currentAngle                  
20005f40  distanceReading               
20005fc0  errno                         
000018d5  extinguishFire                
20005fa4  falling_time                  
00001655  findObjects                   
0000185d  findWhereToGo                 
20005fca  flag                          
00006f21  floor                         
00006f21  floorl                        
000070fd  free                          
000077b9  frexp                         
000077b9  frexpl                        
20000000  g_pfnRAMVectors               
00000000  g_pfnVectors                  
0000249b  go_charge                     
000055b3  init_timer_interrupts         
00007d23  lcd_clear                     
00005291  lcd_gotoLine                  
000050f9  lcd_init                      
000052f7  lcd_printf                    
000051b9  lcd_putc                      
000051f1  lcd_puts                      
000050bd  lcd_reverseNibble             
0000520f  lcd_sendCommand               
0000524d  lcd_sendNibble                
000052b9  lcd_setCursorPos              
00006c15  ldexp                         
00006c15  ldexpl                        
00005d41  main                          
00007d79  malloc                        
00000811  manualMove                    
000006b1  manualTurn                    
2000026c  mapArray                      
00001bbf  mapPoint                      
00006d25  memalign                      
00007c2d  memccpy                       
0000734b  memcpy                        
00007591  memset                        
20005f58  midAngle                      
20005f34  minLinearWidth                
20005f38  minWidthAngle                 
20005f80  motor_cal_factor_L            
20005f84  motor_cal_factor_R            
000004ad  move_backward                 
0000026d  move_forward                  
20005f30  objectCount                   
00001d89  oi_alloc                      
000025c5  oi_checkFirmware              
00001de3  oi_close                      
00001d95  oi_free                       
00002909  oi_getMotorCalibrationLeft    
0000291d  oi_getMotorCalibrationRight   
00001dcd  oi_init                       
00001da5  oi_init_noupdate              
00002431  oi_loadSong                   
00007c93  oi_parseInt                   
00001e47  oi_parsePacket                
00002487  oi_play_song                  
00002367  oi_setLeds                    
000028cd  oi_setMotorCalibration        
000023ab  oi_setWheels                  
0000266d  oi_shutoff_init               
000024a9  oi_uartInit                   
0000254d  oi_uartReceive                
00002593  oi_uartSendBuff               
00002531  oi_uartSendChar               
00002575  oi_uartSendStr                
00001df5  oi_update                     
00005bdd  ourBot_Scan                   
20005304  ourCoords                     
00000cc5  pingMidpoint                  
000053e5  ping_initialize               
000054cd  ping_read                     
000033f9  pow                           
000033f9  powl                          
00001ccd  printMap                      
20005fa8  professionallyNamedPulseCheck 
0000171f  resetTotalData                
20005fa0  rising_time                   
00006c15  scalbn                        
00006c15  scalbnl                       
00005451  send_pulse                    
00000f4d  senseForward                  
00005b41  servo_initialize              
00005c21  servo_movement                
00005c9f  setServo                      
00004501  sin                           
00004501  sinl                          
20005f3c  smallestDistance              
000079f1  sprintf                       
00006725  sqrt                          
00006725  sqrtl                         
20005310  state                         
00007cc3  strchr                        
00007cab  strcmp                        
00007cd9  strcpy                        
00007ced  strlen                        
20005f48  sumDis                        
00000e25  sweepFieldIR                  
00000b01  sweepFieldPing                
00005a17  timer_getMicros               
000059bf  timer_getMillis               
000058f9  timer_init                    
0000599b  timer_pause                   
000059ad  timer_resume                  
00005971  timer_stop                    
00005a71  timer_waitMicros              
00005aa3  timer_waitMillis              
20005f50  totalDistance                 
20005fc4  totalVal                      
2000512c  total_distance                
000005c1  turn_clockwise                
00000641  turn_counterClockwise         
20005311  uart_data                     
000062a5  uart_init                     
000063bd  uart_interrupt_handler        
0000637f  uart_interrupt_init           
0000632d  uart_receive                  
00006311  uart_sendChar                 
0000634b  uart_sendStr                  
00001a77  updateMap                     
00007a31  vsnprintf                     
00007d01  wcslen                        
20005f20  xPos                          
20005f28  yPos                          


GLOBAL SYMBOLS: SORTED BY Symbol Address 

address   name                          
-------   ----                          
00000000  __TI_static_base__            
00000000  g_pfnVectors                  
0000026d  move_forward                  
00000400  __SYSMEM_SIZE                 
000004ad  move_backward                 
000005c1  turn_clockwise                
00000641  turn_counterClockwise         
000006b1  manualTurn                    
00000800  __STACK_SIZE                  
00000811  manualMove                    
000009b5  bumpedLeft                    
000009ef  bumpedRight                   
00000a29  cliffDetected                 
00000a81  cliffIRValues                 
00000b01  sweepFieldPing                
00000cc5  pingMidpoint                  
00000e25  sweepFieldIR                  
00000f4d  senseForward                  
00000fdd  calculateData                 
00001619  convertToCm                   
00001655  findObjects                   
0000171f  resetTotalData                
00001761  automomousDriving             
0000185d  findWhereToGo                 
000018d5  extinguishFire                
000019cd  createMap                     
00001a77  updateMap                     
00001bbf  mapPoint                      
00001ccd  printMap                      
00001d89  oi_alloc                      
00001d95  oi_free                       
00001da5  oi_init_noupdate              
00001dcd  oi_init                       
00001de3  oi_close                      
00001df5  oi_update                     
00001e47  oi_parsePacket                
00002367  oi_setLeds                    
000023ab  oi_setWheels                  
00002431  oi_loadSong                   
00002487  oi_play_song                  
0000249b  go_charge                     
000024a9  oi_uartInit                   
00002531  oi_uartSendChar               
0000254d  oi_uartReceive                
00002575  oi_uartSendStr                
00002593  oi_uartSendBuff               
000025c5  oi_checkFirmware              
0000266d  oi_shutoff_init               
000026df  GPIOF_Handler                 
000028cd  oi_setMotorCalibration        
00002909  oi_getMotorCalibrationLeft    
0000291d  oi_getMotorCalibrationRight   
000029a9  __TI_printfi                  
000033f7  _nop                          
000033f9  pow                           
000033f9  powl                          
00003dc9  __kernel_rem_pio2             
00004501  sin                           
00004501  sinl                          
00004ae1  cos                           
00004ae1  cosl                          
000050bd  lcd_reverseNibble             
000050f9  lcd_init                      
000051b9  lcd_putc                      
000051f1  lcd_puts                      
0000520f  lcd_sendCommand               
0000524d  lcd_sendNibble                
00005291  lcd_gotoLine                  
000052b9  lcd_setCursorPos              
000052f7  lcd_printf                    
000053e5  ping_initialize               
00005451  send_pulse                    
000054cd  ping_read                     
000055b3  init_timer_interrupts         
000055c9  TIMER3B_Wrangler              
000058f9  timer_init                    
00005971  timer_stop                    
0000599b  timer_pause                   
000059ad  timer_resume                  
000059bf  timer_getMillis               
00005a17  timer_getMicros               
00005a71  timer_waitMicros              
00005aa3  timer_waitMillis              
00005b41  servo_initialize              
00005bdd  ourBot_Scan                   
00005c21  servo_movement                
00005c2d  calibrate_Servo               
00005c9f  setServo                      
00005d41  main                          
000060ed  __aeabi_dsub                  
000060f7  __aeabi_dadd                  
000062a3  __aeabi_idiv0                 
000062a3  __aeabi_ldiv0                 
000062a5  uart_init                     
00006311  uart_sendChar                 
0000632d  uart_receive                  
0000634b  uart_sendStr                  
0000637f  uart_interrupt_init           
000063bd  uart_interrupt_handler        
00006441  __kernel_sin                  
000065b5  __kernel_cos                  
00006725  sqrt                          
00006725  sqrtl                         
000069b9  __aeabi_ddiv                  
00006c15  ldexp                         
00006c15  ldexpl                        
00006c15  scalbn                        
00006c15  scalbnl                       
00006d25  aligned_alloc                 
00006d25  memalign                      
00006e25  __aeabi_dmul                  
00006f21  floor                         
00006f21  floorl                        
00007019  adc_init                      
00007085  adc_read                      
000070fd  free                          
000071e1  button_init                   
0000720d  button_getButton              
0000734b  __aeabi_memcpy                
0000734b  __aeabi_memcpy4               
0000734b  __aeabi_memcpy8               
0000734b  memcpy                        
000073e7  __aeabi_uldivmod              
0000747d  __aeabi_cdcmpeq               
0000747d  __aeabi_cdcmple               
00007503  __aeabi_cdrcmple              
00007589  __aeabi_memclr                
00007589  __aeabi_memclr4               
00007589  __aeabi_memclr8               
0000758b  __aeabi_memset                
0000758b  __aeabi_memset4               
0000758b  __aeabi_memset8               
00007591  memset                        
000076e3  __aeabi_d2f                   
00007751  __TI_decompress_lzss          
000077b9  frexp                         
000077b9  frexpl                        
00007873  __TI_ltoa                     
00007919  atoi                          
00007965  __aeabi_d2iz                  
000079ad  __TI_auto_init_nobinit_nopinit
000079f1  sprintf                       
00007a31  vsnprintf                     
00007ab1  calloc                        
00007ae9  __aeabi_f2d                   
00007b21  IntRegister                   
00007b55  _c_int00_noargs               
00007bb9  __aeabi_i2d                   
00007c2d  memccpy                       
00007c49  copysign                      
00007c49  copysignl                     
00007c93  oi_parseInt                   
00007cab  strcmp                        
00007cc3  strchr                        
00007cd9  strcpy                        
00007ced  strlen                        
00007d01  wcslen                        
00007d13  IntMasterEnable               
00007d23  lcd_clear                     
00007d33  __TI_decompress_none          
00007d41  CPUcpsie                      
00007d4d  __TI_zero_init                
00007d59  ResetISR                      
00007d71  __aeabi_errno_addr            
00007d79  malloc                        
00007d81  _system_pre_init              
00007d85  C$$EXIT                       
00007d85  abort                         
00007ee0  _ctypes_                      
000080e4  __TI_Handler_Table_Base       
000080f0  __TI_Handler_Table_Limit      
00008100  __TI_CINIT_Base               
00008118  __TI_CINIT_Limit              
20000000  __start___llvm_prf_cnts       
20000000  __stop___llvm_prf_cnts        
20000000  g_pfnRAMVectors               
2000026c  mapArray                      
2000512c  total_distance                
20005304  ourCoords                     
2000530c  _timeout_ticks                
20005310  state                         
20005311  uart_data                     
20005318  __stack                       
20005518  __STACK_TOP                   
20005b18  __STACK_END                   
20005b18  _sys_memory                   
20005f18  currentAngle                  
20005f20  xPos                          
20005f28  yPos                          
20005f30  objectCount                   
20005f34  minLinearWidth                
20005f38  minWidthAngle                 
20005f3c  smallestDistance              
20005f40  distanceReading               
20005f48  sumDis                        
20005f50  totalDistance                 
20005f58  midAngle                      
20005f80  motor_cal_factor_L            
20005f84  motor_cal_factor_R            
20005fa0  rising_time                   
20005fa4  falling_time                  
20005fa8  professionallyNamedPulseCheck 
20005fac  callPulse                     
20005fb0  _lock                         
20005fb4  _unlock                       
20005fc0  errno                         
20005fc4  totalVal                      
20005fc8  _running                      
20005fca  flag                          
ffffffff  __TI_pprof_out_hndl           
ffffffff  __TI_prof_data_size           
ffffffff  __TI_prof_data_start          
ffffffff  __binit__                     
ffffffff  __c_args__                    
ffffffff  binit                         
UNDEFED   __mpu_init                    
UNDEFED   _system_post_cinit            

[217 symbols]
