<?xml version="1.0" encoding="ISO-8859-1" ?>
<link_info>
   <banner>TI ARM Linker PC v20.2.7.LTS</banner>
   <copyright>Copyright (c) 1996-2018 Texas Instruments Incorporated</copyright>
   <link_time>0x656c01d7</link_time>
   <link_errors>0x0</link_errors>
   <output_file>Final_Project.out</output_file>
   <entry_point>
      <name>_c_int00_noargs</name>
      <address>0x8889</address>
   </entry_point>
   <input_file_list>
      <input_file id="fl-2">
         <path>.\</path>
         <kind>object</kind>
         <file>Timer.obj</file>
         <name>Timer.obj</name>
      </input_file>
      <input_file id="fl-3">
         <path>.\</path>
         <kind>object</kind>
         <file>adc.obj</file>
         <name>adc.obj</name>
      </input_file>
      <input_file id="fl-4">
         <path>.\</path>
         <kind>object</kind>
         <file>button.obj</file>
         <name>button.obj</name>
      </input_file>
      <input_file id="fl-5">
         <path>.\</path>
         <kind>object</kind>
         <file>lcd.obj</file>
         <name>lcd.obj</name>
      </input_file>
      <input_file id="fl-6">
         <path>.\</path>
         <kind>object</kind>
         <file>main.obj</file>
         <name>main.obj</name>
      </input_file>
      <input_file id="fl-7">
         <path>.\</path>
         <kind>object</kind>
         <file>movement.obj</file>
         <name>movement.obj</name>
      </input_file>
      <input_file id="fl-8">
         <path>.\</path>
         <kind>object</kind>
         <file>open_interface.obj</file>
         <name>open_interface.obj</name>
      </input_file>
      <input_file id="fl-9">
         <path>.\</path>
         <kind>object</kind>
         <file>ping.obj</file>
         <name>ping.obj</name>
      </input_file>
      <input_file id="fl-a">
         <path>.\</path>
         <kind>object</kind>
         <file>servo.obj</file>
         <name>servo.obj</name>
      </input_file>
      <input_file id="fl-b">
         <path>.\</path>
         <kind>object</kind>
         <file>tm4c123gh6pm_startup_ccs.obj</file>
         <name>tm4c123gh6pm_startup_ccs.obj</name>
      </input_file>
      <input_file id="fl-c">
         <path>.\</path>
         <kind>object</kind>
         <file>uart.obj</file>
         <name>uart.obj</name>
      </input_file>
      <input_file id="fl-11">
         <kind>object</kind>
         <file>&lt;internal&gt;</file>
         <name>&lt;internal&gt;</name>
      </input_file>
      <input_file id="fl-c7">
         <path>C:\ti\ccs1230\ccs\tools\compiler\ti-cgt-arm_20.2.7.LTS\lib\</path>
         <kind>archive</kind>
         <file>rtsv7M4_T_le_v4SPD16_eabi.lib</file>
         <name>e_pow.c.obj</name>
      </input_file>
      <input_file id="fl-c8">
         <path>C:\ti\ccs1230\ccs\tools\compiler\ti-cgt-arm_20.2.7.LTS\lib\</path>
         <kind>archive</kind>
         <file>rtsv7M4_T_le_v4SPD16_eabi.lib</file>
         <name>e_sqrt.c.obj</name>
      </input_file>
      <input_file id="fl-c9">
         <path>C:\ti\ccs1230\ccs\tools\compiler\ti-cgt-arm_20.2.7.LTS\lib\</path>
         <kind>archive</kind>
         <file>rtsv7M4_T_le_v4SPD16_eabi.lib</file>
         <name>s_cos.c.obj</name>
      </input_file>
      <input_file id="fl-ca">
         <path>C:\ti\ccs1230\ccs\tools\compiler\ti-cgt-arm_20.2.7.LTS\lib\</path>
         <kind>archive</kind>
         <file>rtsv7M4_T_le_v4SPD16_eabi.lib</file>
         <name>s_scalbn.c.obj</name>
      </input_file>
      <input_file id="fl-cb">
         <path>C:\ti\ccs1230\ccs\tools\compiler\ti-cgt-arm_20.2.7.LTS\lib\</path>
         <kind>archive</kind>
         <file>rtsv7M4_T_le_v4SPD16_eabi.lib</file>
         <name>s_sin.c.obj</name>
      </input_file>
      <input_file id="fl-cc">
         <path>C:\ti\ccs1230\ccs\tools\compiler\ti-cgt-arm_20.2.7.LTS\lib\</path>
         <kind>archive</kind>
         <file>rtsv7M4_T_le_v4SPD16_eabi.lib</file>
         <name>sprintf.c.obj</name>
      </input_file>
      <input_file id="fl-cd">
         <path>C:\ti\ccs1230\ccs\tools\compiler\ti-cgt-arm_20.2.7.LTS\lib\</path>
         <kind>archive</kind>
         <file>rtsv7M4_T_le_v4SPD16_eabi.lib</file>
         <name>fd_add_t2.asm.obj</name>
      </input_file>
      <input_file id="fl-ce">
         <path>C:\ti\ccs1230\ccs\tools\compiler\ti-cgt-arm_20.2.7.LTS\lib\</path>
         <kind>archive</kind>
         <file>rtsv7M4_T_le_v4SPD16_eabi.lib</file>
         <name>fd_cmp_t2.asm.obj</name>
      </input_file>
      <input_file id="fl-cf">
         <path>C:\ti\ccs1230\ccs\tools\compiler\ti-cgt-arm_20.2.7.LTS\lib\</path>
         <kind>archive</kind>
         <file>rtsv7M4_T_le_v4SPD16_eabi.lib</file>
         <name>fd_div_t2.asm.obj</name>
      </input_file>
      <input_file id="fl-d0">
         <path>C:\ti\ccs1230\ccs\tools\compiler\ti-cgt-arm_20.2.7.LTS\lib\</path>
         <kind>archive</kind>
         <file>rtsv7M4_T_le_v4SPD16_eabi.lib</file>
         <name>fd_mul_t2.asm.obj</name>
      </input_file>
      <input_file id="fl-d1">
         <path>C:\ti\ccs1230\ccs\tools\compiler\ti-cgt-arm_20.2.7.LTS\lib\</path>
         <kind>archive</kind>
         <file>rtsv7M4_T_le_v4SPD16_eabi.lib</file>
         <name>fd_toi_t2.asm.obj</name>
      </input_file>
      <input_file id="fl-d2">
         <path>C:\ti\ccs1230\ccs\tools\compiler\ti-cgt-arm_20.2.7.LTS\lib\</path>
         <kind>archive</kind>
         <file>rtsv7M4_T_le_v4SPD16_eabi.lib</file>
         <name>fd_tos_t2.asm.obj</name>
      </input_file>
      <input_file id="fl-d3">
         <path>C:\ti\ccs1230\ccs\tools\compiler\ti-cgt-arm_20.2.7.LTS\lib\</path>
         <kind>archive</kind>
         <file>rtsv7M4_T_le_v4SPD16_eabi.lib</file>
         <name>fs_tod_t2.asm.obj</name>
      </input_file>
      <input_file id="fl-d4">
         <path>C:\ti\ccs1230\ccs\tools\compiler\ti-cgt-arm_20.2.7.LTS\lib\</path>
         <kind>archive</kind>
         <file>rtsv7M4_T_le_v4SPD16_eabi.lib</file>
         <name>i_tofd_t2.asm.obj</name>
      </input_file>
      <input_file id="fl-d5">
         <path>C:\ti\ccs1230\ccs\tools\compiler\ti-cgt-arm_20.2.7.LTS\lib\</path>
         <kind>archive</kind>
         <file>rtsv7M4_T_le_v4SPD16_eabi.lib</file>
         <name>memcpy_t2.asm.obj</name>
      </input_file>
      <input_file id="fl-d6">
         <path>C:\ti\ccs1230\ccs\tools\compiler\ti-cgt-arm_20.2.7.LTS\lib\</path>
         <kind>archive</kind>
         <file>rtsv7M4_T_le_v4SPD16_eabi.lib</file>
         <name>copy_zero_init.c.obj</name>
      </input_file>
      <input_file id="fl-d7">
         <path>C:\ti\ccs1230\ccs\tools\compiler\ti-cgt-arm_20.2.7.LTS\lib\</path>
         <kind>archive</kind>
         <file>rtsv7M4_T_le_v4SPD16_eabi.lib</file>
         <name>copy_decompress_none.c.obj</name>
      </input_file>
      <input_file id="fl-d8">
         <path>C:\ti\ccs1230\ccs\tools\compiler\ti-cgt-arm_20.2.7.LTS\lib\</path>
         <kind>archive</kind>
         <file>rtsv7M4_T_le_v4SPD16_eabi.lib</file>
         <name>copy_decompress_lzss.c.obj</name>
      </input_file>
      <input_file id="fl-d9">
         <path>C:\ti\ccs1230\ccs\tools\compiler\ti-cgt-arm_20.2.7.LTS\lib\</path>
         <kind>archive</kind>
         <file>rtsv7M4_T_le_v4SPD16_eabi.lib</file>
         <name>memory.c.obj</name>
      </input_file>
      <input_file id="fl-da">
         <path>C:\ti\ccs1230\ccs\tools\compiler\ti-cgt-arm_20.2.7.LTS\lib\</path>
         <kind>archive</kind>
         <file>rtsv7M4_T_le_v4SPD16_eabi.lib</file>
         <name>strcmp.c.obj</name>
      </input_file>
      <input_file id="fl-db">
         <path>C:\ti\ccs1230\ccs\tools\compiler\ti-cgt-arm_20.2.7.LTS\lib\</path>
         <kind>archive</kind>
         <file>rtsv7M4_T_le_v4SPD16_eabi.lib</file>
         <name>strlen.c.obj</name>
      </input_file>
      <input_file id="fl-dc">
         <path>C:\ti\ccs1230\ccs\tools\compiler\ti-cgt-arm_20.2.7.LTS\lib\</path>
         <kind>archive</kind>
         <file>rtsv7M4_T_le_v4SPD16_eabi.lib</file>
         <name>k_rem_pio2.c.obj</name>
      </input_file>
      <input_file id="fl-dd">
         <path>C:\ti\ccs1230\ccs\tools\compiler\ti-cgt-arm_20.2.7.LTS\lib\</path>
         <kind>archive</kind>
         <file>rtsv7M4_T_le_v4SPD16_eabi.lib</file>
         <name>boot_cortex_m.c.obj</name>
      </input_file>
      <input_file id="fl-de">
         <path>C:\ti\ccs1230\ccs\tools\compiler\ti-cgt-arm_20.2.7.LTS\lib\</path>
         <kind>archive</kind>
         <file>rtsv7M4_T_le_v4SPD16_eabi.lib</file>
         <name>errno.c.obj</name>
      </input_file>
      <input_file id="fl-df">
         <path>C:\ti\ccs1230\ccs\tools\compiler\ti-cgt-arm_20.2.7.LTS\lib\</path>
         <kind>archive</kind>
         <file>rtsv7M4_T_le_v4SPD16_eabi.lib</file>
         <name>s_copysign.c.obj</name>
      </input_file>
      <input_file id="fl-e0">
         <path>C:\ti\ccs1230\ccs\tools\compiler\ti-cgt-arm_20.2.7.LTS\lib\</path>
         <kind>archive</kind>
         <file>rtsv7M4_T_le_v4SPD16_eabi.lib</file>
         <name>k_cos.c.obj</name>
      </input_file>
      <input_file id="fl-e1">
         <path>C:\ti\ccs1230\ccs\tools\compiler\ti-cgt-arm_20.2.7.LTS\lib\</path>
         <kind>archive</kind>
         <file>rtsv7M4_T_le_v4SPD16_eabi.lib</file>
         <name>k_sin.c.obj</name>
      </input_file>
      <input_file id="fl-e2">
         <path>C:\ti\ccs1230\ccs\tools\compiler\ti-cgt-arm_20.2.7.LTS\lib\</path>
         <kind>archive</kind>
         <file>rtsv7M4_T_le_v4SPD16_eabi.lib</file>
         <name>s_floor.c.obj</name>
      </input_file>
      <input_file id="fl-e3">
         <path>C:\ti\ccs1230\ccs\tools\compiler\ti-cgt-arm_20.2.7.LTS\lib\</path>
         <kind>archive</kind>
         <file>rtsv7M4_T_le_v4SPD16_eabi.lib</file>
         <name>_printfi.c.obj</name>
      </input_file>
      <input_file id="fl-e4">
         <path>C:\ti\ccs1230\ccs\tools\compiler\ti-cgt-arm_20.2.7.LTS\lib\</path>
         <kind>archive</kind>
         <file>rtsv7M4_T_le_v4SPD16_eabi.lib</file>
         <name>memset_t2.asm.obj</name>
      </input_file>
      <input_file id="fl-e5">
         <path>C:\ti\ccs1230\ccs\tools\compiler\ti-cgt-arm_20.2.7.LTS\lib\</path>
         <kind>archive</kind>
         <file>rtsv7M4_T_le_v4SPD16_eabi.lib</file>
         <name>ull_div_t2.asm.obj</name>
      </input_file>
      <input_file id="fl-e6">
         <path>C:\ti\ccs1230\ccs\tools\compiler\ti-cgt-arm_20.2.7.LTS\lib\</path>
         <kind>archive</kind>
         <file>rtsv7M4_T_le_v4SPD16_eabi.lib</file>
         <name>autoinit.c.obj</name>
      </input_file>
      <input_file id="fl-e7">
         <path>C:\ti\ccs1230\ccs\tools\compiler\ti-cgt-arm_20.2.7.LTS\lib\</path>
         <kind>archive</kind>
         <file>rtsv7M4_T_le_v4SPD16_eabi.lib</file>
         <name>pre_init.c.obj</name>
      </input_file>
      <input_file id="fl-e8">
         <path>C:\ti\ccs1230\ccs\tools\compiler\ti-cgt-arm_20.2.7.LTS\lib\</path>
         <kind>archive</kind>
         <file>rtsv7M4_T_le_v4SPD16_eabi.lib</file>
         <name>cpy_tbl.c.obj</name>
      </input_file>
      <input_file id="fl-e9">
         <path>C:\ti\ccs1230\ccs\tools\compiler\ti-cgt-arm_20.2.7.LTS\lib\</path>
         <kind>archive</kind>
         <file>rtsv7M4_T_le_v4SPD16_eabi.lib</file>
         <name>exit.c.obj</name>
      </input_file>
      <input_file id="fl-ea">
         <path>C:\ti\ccs1230\ccs\tools\compiler\ti-cgt-arm_20.2.7.LTS\lib\</path>
         <kind>archive</kind>
         <file>rtsv7M4_T_le_v4SPD16_eabi.lib</file>
         <name>_lock.c.obj</name>
      </input_file>
      <input_file id="fl-eb">
         <path>C:\ti\ccs1230\ccs\tools\compiler\ti-cgt-arm_20.2.7.LTS\lib\</path>
         <kind>archive</kind>
         <file>rtsv7M4_T_le_v4SPD16_eabi.lib</file>
         <name>_ltoa.c.obj</name>
      </input_file>
      <input_file id="fl-ec">
         <path>C:\ti\ccs1230\ccs\tools\compiler\ti-cgt-arm_20.2.7.LTS\lib\</path>
         <kind>archive</kind>
         <file>rtsv7M4_T_le_v4SPD16_eabi.lib</file>
         <name>args_main.c.obj</name>
      </input_file>
      <input_file id="fl-ed">
         <path>C:\ti\ccs1230\ccs\tools\compiler\ti-cgt-arm_20.2.7.LTS\lib\</path>
         <kind>archive</kind>
         <file>rtsv7M4_T_le_v4SPD16_eabi.lib</file>
         <name>atoi.c.obj</name>
      </input_file>
      <input_file id="fl-ee">
         <path>C:\ti\ccs1230\ccs\tools\compiler\ti-cgt-arm_20.2.7.LTS\lib\</path>
         <kind>archive</kind>
         <file>rtsv7M4_T_le_v4SPD16_eabi.lib</file>
         <name>ctype.c.obj</name>
      </input_file>
      <input_file id="fl-ef">
         <path>C:\ti\ccs1230\ccs\tools\compiler\ti-cgt-arm_20.2.7.LTS\lib\</path>
         <kind>archive</kind>
         <file>rtsv7M4_T_le_v4SPD16_eabi.lib</file>
         <name>memccpy.c.obj</name>
      </input_file>
      <input_file id="fl-f0">
         <path>C:\ti\ccs1230\ccs\tools\compiler\ti-cgt-arm_20.2.7.LTS\lib\</path>
         <kind>archive</kind>
         <file>rtsv7M4_T_le_v4SPD16_eabi.lib</file>
         <name>strchr.c.obj</name>
      </input_file>
      <input_file id="fl-f1">
         <path>C:\ti\ccs1230\ccs\tools\compiler\ti-cgt-arm_20.2.7.LTS\lib\</path>
         <kind>archive</kind>
         <file>rtsv7M4_T_le_v4SPD16_eabi.lib</file>
         <name>wcslen.c.obj</name>
      </input_file>
      <input_file id="fl-f2">
         <path>C:\ti\ccs1230\ccs\tools\compiler\ti-cgt-arm_20.2.7.LTS\lib\</path>
         <kind>archive</kind>
         <file>rtsv7M4_T_le_v4SPD16_eabi.lib</file>
         <name>s_frexp.c.obj</name>
      </input_file>
      <input_file id="fl-f3">
         <path>C:\ti\ccs1230\ccs\tools\compiler\ti-cgt-arm_20.2.7.LTS\lib\</path>
         <kind>archive</kind>
         <file>rtsv7M4_T_le_v4SPD16_eabi.lib</file>
         <name>div0.asm.obj</name>
      </input_file>
      <input_file id="fl-f4">
         <path>C:\ti\TivaWare_C_Series-2.2.0.295\driverlib\ccs\Debug\</path>
         <kind>archive</kind>
         <file>driverlib.lib</file>
         <name>interrupt.obj</name>
      </input_file>
      <input_file id="fl-f5">
         <path>C:\ti\TivaWare_C_Series-2.2.0.295\driverlib\ccs\Debug\</path>
         <kind>archive</kind>
         <file>driverlib.lib</file>
         <name>cpu.obj</name>
      </input_file>
   </input_file_list>
   <object_component_list>
      <object_component id="oc-12">
         <name>.intvecs</name>
         <load_address>0x0</load_address>
         <run_address>0x0</run_address>
         <size>0x26c</size>
         <input_file_ref idref="fl-b"/>
      </object_component>
      <object_component id="oc-101">
         <name>.text</name>
         <load_address>0x26c</load_address>
         <run_address>0x26c</run_address>
         <size>0x28e4</size>
         <input_file_ref idref="fl-7"/>
      </object_component>
      <object_component id="oc-fb">
         <name>.text</name>
         <load_address>0x2b50</load_address>
         <run_address>0x2b50</run_address>
         <size>0xc20</size>
         <input_file_ref idref="fl-8"/>
      </object_component>
      <object_component id="oc-2a6">
         <name>.text:__TI_printfi</name>
         <load_address>0x3770</load_address>
         <run_address>0x3770</run_address>
         <size>0xa4e</size>
         <input_file_ref idref="fl-e3"/>
      </object_component>
      <object_component id="oc-2ea">
         <name>.text:_nop</name>
         <load_address>0x41be</load_address>
         <run_address>0x41be</run_address>
         <size>0x2</size>
         <input_file_ref idref="fl-ea"/>
      </object_component>
      <object_component id="oc-162">
         <name>.text:pow</name>
         <load_address>0x41c0</load_address>
         <run_address>0x41c0</run_address>
         <size>0x9d0</size>
         <input_file_ref idref="fl-c7"/>
      </object_component>
      <object_component id="oc-2d1">
         <name>.text:__kernel_rem_pio2</name>
         <load_address>0x4b90</load_address>
         <run_address>0x4b90</run_address>
         <size>0x738</size>
         <input_file_ref idref="fl-dc"/>
      </object_component>
      <object_component id="oc-1fc">
         <name>.text:sin</name>
         <load_address>0x52c8</load_address>
         <run_address>0x52c8</run_address>
         <size>0x5e0</size>
         <input_file_ref idref="fl-cb"/>
      </object_component>
      <object_component id="oc-1eb">
         <name>.text:cos</name>
         <load_address>0x58a8</load_address>
         <run_address>0x58a8</run_address>
         <size>0x5dc</size>
         <input_file_ref idref="fl-c9"/>
      </object_component>
      <object_component id="oc-dd">
         <name>.text</name>
         <load_address>0x5e84</load_address>
         <run_address>0x5e84</run_address>
         <size>0x2a4</size>
         <input_file_ref idref="fl-9"/>
      </object_component>
      <object_component id="oc-363">
         <name>.text:_pconv_a</name>
         <load_address>0x6128</load_address>
         <run_address>0x6128</run_address>
         <size>0x270</size>
         <input_file_ref idref="fl-e3"/>
      </object_component>
      <object_component id="oc-157">
         <name>.text</name>
         <load_address>0x6398</load_address>
         <run_address>0x6398</run_address>
         <size>0x260</size>
         <input_file_ref idref="fl-5"/>
      </object_component>
      <object_component id="oc-d7">
         <name>.text</name>
         <load_address>0x65f8</load_address>
         <run_address>0x65f8</run_address>
         <size>0x248</size>
         <input_file_ref idref="fl-2"/>
      </object_component>
      <object_component id="oc-a2">
         <name>.text</name>
         <load_address>0x6840</load_address>
         <run_address>0x6840</run_address>
         <size>0x244</size>
         <input_file_ref idref="fl-6"/>
      </object_component>
      <object_component id="oc-e3">
         <name>.text</name>
         <load_address>0x6a84</load_address>
         <run_address>0x6a84</run_address>
         <size>0x200</size>
         <input_file_ref idref="fl-a"/>
      </object_component>
      <object_component id="oc-351">
         <name>.text:_pconv_g</name>
         <load_address>0x6c84</load_address>
         <run_address>0x6c84</run_address>
         <size>0x1d0</size>
         <input_file_ref idref="fl-e3"/>
      </object_component>
      <object_component id="oc-1b6">
         <name>.text</name>
         <load_address>0x6e54</load_address>
         <run_address>0x6e54</run_address>
         <size>0x1b6</size>
         <input_file_ref idref="fl-cd"/>
      </object_component>
      <object_component id="oc-422">
         <name>.text</name>
         <load_address>0x700a</load_address>
         <run_address>0x700a</run_address>
         <size>0x2</size>
         <input_file_ref idref="fl-f3"/>
      </object_component>
      <object_component id="oc-ef">
         <name>.text</name>
         <load_address>0x700c</load_address>
         <run_address>0x700c</run_address>
         <size>0x1a8</size>
         <input_file_ref idref="fl-c"/>
      </object_component>
      <object_component id="oc-2d7">
         <name>.text:__kernel_sin</name>
         <load_address>0x71b4</load_address>
         <run_address>0x71b4</run_address>
         <size>0x174</size>
         <input_file_ref idref="fl-e1"/>
      </object_component>
      <object_component id="oc-2cb">
         <name>.text:__kernel_cos</name>
         <load_address>0x7328</load_address>
         <run_address>0x7328</run_address>
         <size>0x170</size>
         <input_file_ref idref="fl-e0"/>
      </object_component>
      <object_component id="oc-1f1">
         <name>.text:sqrt</name>
         <load_address>0x7498</load_address>
         <run_address>0x7498</run_address>
         <size>0x158</size>
         <input_file_ref idref="fl-c8"/>
      </object_component>
      <object_component id="oc-35d">
         <name>.text:_pconv_e</name>
         <load_address>0x75f0</load_address>
         <run_address>0x75f0</run_address>
         <size>0x13c</size>
         <input_file_ref idref="fl-e3"/>
      </object_component>
      <object_component id="oc-16d">
         <name>.text</name>
         <load_address>0x772c</load_address>
         <run_address>0x772c</run_address>
         <size>0x136</size>
         <input_file_ref idref="fl-cf"/>
      </object_component>
      <object_component id="oc-3dd">
         <name>.text:fcvt</name>
         <load_address>0x7864</load_address>
         <run_address>0x7864</run_address>
         <size>0x124</size>
         <input_file_ref idref="fl-e3"/>
      </object_component>
      <object_component id="oc-259">
         <name>.text:scalbn</name>
         <load_address>0x7988</load_address>
         <run_address>0x7988</run_address>
         <size>0x110</size>
         <input_file_ref idref="fl-ca"/>
      </object_component>
      <object_component id="oc-336">
         <name>.text:aligned_alloc</name>
         <load_address>0x7a98</load_address>
         <run_address>0x7a98</run_address>
         <size>0x100</size>
         <input_file_ref idref="fl-d9"/>
      </object_component>
      <object_component id="oc-168">
         <name>.text</name>
         <load_address>0x7b98</load_address>
         <run_address>0x7b98</run_address>
         <size>0xfc</size>
         <input_file_ref idref="fl-d0"/>
      </object_component>
      <object_component id="oc-387">
         <name>.text:floor</name>
         <load_address>0x7c94</load_address>
         <run_address>0x7c94</run_address>
         <size>0xf8</size>
         <input_file_ref idref="fl-e2"/>
      </object_component>
      <object_component id="oc-f5">
         <name>.text</name>
         <load_address>0x7d8c</load_address>
         <run_address>0x7d8c</run_address>
         <size>0xe4</size>
         <input_file_ref idref="fl-3"/>
      </object_component>
      <object_component id="oc-195">
         <name>.text:free</name>
         <load_address>0x7e70</load_address>
         <run_address>0x7e70</run_address>
         <size>0xe4</size>
         <input_file_ref idref="fl-d9"/>
      </object_component>
      <object_component id="oc-e9">
         <name>.text</name>
         <load_address>0x7f54</load_address>
         <run_address>0x7f54</run_address>
         <size>0xb8</size>
         <input_file_ref idref="fl-4"/>
      </object_component>
      <object_component id="oc-34b">
         <name>.text:_ltostr</name>
         <load_address>0x800c</load_address>
         <run_address>0x800c</run_address>
         <size>0xb1</size>
         <input_file_ref idref="fl-e3"/>
      </object_component>
      <object_component id="oc-3e">
         <name>.text</name>
         <load_address>0x80be</load_address>
         <run_address>0x80be</run_address>
         <size>0x9c</size>
         <input_file_ref idref="fl-d5"/>
      </object_component>
      <object_component id="oc-3c4">
         <name>.text</name>
         <load_address>0x815a</load_address>
         <run_address>0x815a</run_address>
         <size>0x96</size>
         <input_file_ref idref="fl-e5"/>
      </object_component>
      <object_component id="oc-1cb">
         <name>.text:__aeabi_cdcmple</name>
         <load_address>0x81f0</load_address>
         <run_address>0x81f0</run_address>
         <size>0x86</size>
         <input_file_ref idref="fl-ce"/>
      </object_component>
      <object_component id="oc-1c6">
         <name>.text:__aeabi_cdrcmple</name>
         <load_address>0x8276</load_address>
         <run_address>0x8276</run_address>
         <size>0x86</size>
         <input_file_ref idref="fl-ce"/>
      </object_component>
      <object_component id="oc-96">
         <name>.text</name>
         <load_address>0x82fc</load_address>
         <run_address>0x82fc</run_address>
         <size>0x7a</size>
         <input_file_ref idref="fl-e4"/>
      </object_component>
      <object_component id="oc-3b6">
         <name>.text:split</name>
         <load_address>0x8378</load_address>
         <run_address>0x8378</run_address>
         <size>0x70</size>
         <input_file_ref idref="fl-d9"/>
      </object_component>
      <object_component id="oc-3d6">
         <name>.text:_mcpy</name>
         <load_address>0x83e8</load_address>
         <run_address>0x83e8</run_address>
         <size>0x6e</size>
         <input_file_ref idref="fl-e3"/>
      </object_component>
      <object_component id="oc-172">
         <name>.text</name>
         <load_address>0x8456</load_address>
         <run_address>0x8456</run_address>
         <size>0x6e</size>
         <input_file_ref idref="fl-d2"/>
      </object_component>
      <object_component id="oc-15">
         <name>.text:decompress:lzss:__TI_decompress_lzss</name>
         <load_address>0x84c4</load_address>
         <run_address>0x84c4</run_address>
         <size>0x68</size>
         <input_file_ref idref="fl-d8"/>
      </object_component>
      <object_component id="oc-3eb">
         <name>.text:frexp</name>
         <load_address>0x852c</load_address>
         <run_address>0x852c</run_address>
         <size>0x64</size>
         <input_file_ref idref="fl-f2"/>
      </object_component>
      <object_component id="oc-357">
         <name>.text:_pconv_f</name>
         <load_address>0x8590</load_address>
         <run_address>0x8590</run_address>
         <size>0x56</size>
         <input_file_ref idref="fl-e3"/>
      </object_component>
      <object_component id="oc-3ca">
         <name>.text:__TI_ltoa</name>
         <load_address>0x85e6</load_address>
         <run_address>0x85e6</run_address>
         <size>0x54</size>
         <input_file_ref idref="fl-eb"/>
      </object_component>
      <object_component id="oc-3d0">
         <name>.text:_ecpy</name>
         <load_address>0x863a</load_address>
         <run_address>0x863a</run_address>
         <size>0x52</size>
         <input_file_ref idref="fl-e3"/>
      </object_component>
      <object_component id="oc-345">
         <name>.text:atoi</name>
         <load_address>0x868c</load_address>
         <run_address>0x868c</run_address>
         <size>0x4c</size>
         <input_file_ref idref="fl-ed"/>
      </object_component>
      <object_component id="oc-1f7">
         <name>.text</name>
         <load_address>0x86d8</load_address>
         <run_address>0x86d8</run_address>
         <size>0x48</size>
         <input_file_ref idref="fl-d1"/>
      </object_component>
      <object_component id="oc-118">
         <name>.text:__TI_auto_init_nobinit_nopinit:__TI_auto_init_nobinit_nopinit</name>
         <load_address>0x8720</load_address>
         <run_address>0x8720</run_address>
         <size>0x44</size>
         <input_file_ref idref="fl-e6"/>
      </object_component>
      <object_component id="oc-1d3">
         <name>.text:sprintf</name>
         <load_address>0x8764</load_address>
         <run_address>0x8764</run_address>
         <size>0x40</size>
         <input_file_ref idref="fl-cc"/>
      </object_component>
      <object_component id="oc-3e3">
         <name>.text:_fcpy</name>
         <load_address>0x87a4</load_address>
         <run_address>0x87a4</run_address>
         <size>0x3e</size>
         <input_file_ref idref="fl-e3"/>
      </object_component>
      <object_component id="oc-18f">
         <name>.text:calloc</name>
         <load_address>0x87e4</load_address>
         <run_address>0x87e4</run_address>
         <size>0x38</size>
         <input_file_ref idref="fl-d9"/>
      </object_component>
      <object_component id="oc-15d">
         <name>.text</name>
         <load_address>0x881c</load_address>
         <run_address>0x881c</run_address>
         <size>0x38</size>
         <input_file_ref idref="fl-d3"/>
      </object_component>
      <object_component id="oc-14c">
         <name>.text:IntRegister</name>
         <load_address>0x8854</load_address>
         <run_address>0x8854</run_address>
         <size>0x34</size>
         <input_file_ref idref="fl-f4"/>
      </object_component>
      <object_component id="oc-5c">
         <name>.text:_c_int00_noargs:_c_int00_noargs</name>
         <load_address>0x8888</load_address>
         <run_address>0x8888</run_address>
         <size>0x34</size>
         <input_file_ref idref="fl-dd"/>
      </object_component>
      <object_component id="oc-1b1">
         <name>.text</name>
         <load_address>0x88bc</load_address>
         <run_address>0x88bc</run_address>
         <size>0x2e</size>
         <input_file_ref idref="fl-d4"/>
      </object_component>
      <object_component id="oc-285">
         <name>.text:free_list_insert</name>
         <load_address>0x88ec</load_address>
         <run_address>0x88ec</run_address>
         <size>0x28</size>
         <input_file_ref idref="fl-d9"/>
      </object_component>
      <object_component id="oc-27f">
         <name>.text:free_list_remove</name>
         <load_address>0x8914</load_address>
         <run_address>0x8914</run_address>
         <size>0x1c</size>
         <input_file_ref idref="fl-d9"/>
      </object_component>
      <object_component id="oc-369">
         <name>.text:memccpy</name>
         <load_address>0x8930</load_address>
         <run_address>0x8930</run_address>
         <size>0x1c</size>
         <input_file_ref idref="fl-ef"/>
      </object_component>
      <object_component id="oc-320">
         <name>.text:copysign</name>
         <load_address>0x894c</load_address>
         <run_address>0x894c</run_address>
         <size>0x1a</size>
         <input_file_ref idref="fl-df"/>
      </object_component>
      <object_component id="oc-2ac">
         <name>.text:_outs</name>
         <load_address>0x8966</load_address>
         <run_address>0x8966</run_address>
         <size>0x18</size>
         <input_file_ref idref="fl-cc"/>
      </object_component>
      <object_component id="oc-19b">
         <name>.text:oi_parseInt</name>
         <load_address>0x897e</load_address>
         <run_address>0x897e</run_address>
         <size>0x18</size>
         <input_file_ref idref="fl-8"/>
      </object_component>
      <object_component id="oc-1a2">
         <name>.text:strcmp</name>
         <load_address>0x8996</load_address>
         <run_address>0x8996</run_address>
         <size>0x18</size>
         <input_file_ref idref="fl-da"/>
      </object_component>
      <object_component id="oc-3f1">
         <name>.text:strchr</name>
         <load_address>0x89ae</load_address>
         <run_address>0x89ae</run_address>
         <size>0x16</size>
         <input_file_ref idref="fl-f0"/>
      </object_component>
      <object_component id="oc-184">
         <name>.text:strlen</name>
         <load_address>0x89c4</load_address>
         <run_address>0x89c4</run_address>
         <size>0x14</size>
         <input_file_ref idref="fl-db"/>
      </object_component>
      <object_component id="oc-36f">
         <name>.text:wcslen</name>
         <load_address>0x89d8</load_address>
         <run_address>0x89d8</run_address>
         <size>0x12</size>
         <input_file_ref idref="fl-f1"/>
      </object_component>
      <object_component id="oc-1a8">
         <name>.text:IntMasterEnable</name>
         <load_address>0x89ea</load_address>
         <run_address>0x89ea</run_address>
         <size>0x10</size>
         <input_file_ref idref="fl-f4"/>
      </object_component>
      <object_component id="oc-244">
         <name>.text:lcd_clear</name>
         <load_address>0x89fa</load_address>
         <run_address>0x89fa</run_address>
         <size>0x10</size>
         <input_file_ref idref="fl-5"/>
      </object_component>
      <object_component id="oc-1b">
         <name>.text:decompress:none:__TI_decompress_none</name>
         <load_address>0x8a0a</load_address>
         <run_address>0x8a0a</run_address>
         <size>0xe</size>
         <input_file_ref idref="fl-d7"/>
      </object_component>
      <object_component id="oc-28e">
         <name>.text:CPUcpsie</name>
         <load_address>0x8a18</load_address>
         <run_address>0x8a18</run_address>
         <size>0xc</size>
         <input_file_ref idref="fl-f5"/>
      </object_component>
      <object_component id="oc-50">
         <name>.text:decompress:ZI:__TI_zero_init</name>
         <load_address>0x8a24</load_address>
         <run_address>0x8a24</run_address>
         <size>0xc</size>
         <input_file_ref idref="fl-d6"/>
      </object_component>
      <object_component id="oc-2a">
         <name>.text</name>
         <load_address>0x8a30</load_address>
         <run_address>0x8a30</run_address>
         <size>0xc</size>
         <input_file_ref idref="fl-b"/>
      </object_component>
      <object_component id="oc-2b2">
         <name>.text:_outc</name>
         <load_address>0x8a3c</load_address>
         <run_address>0x8a3c</run_address>
         <size>0xa</size>
         <input_file_ref idref="fl-cc"/>
      </object_component>
      <object_component id="oc-250">
         <name>.text:__aeabi_errno_addr</name>
         <load_address>0x8a48</load_address>
         <run_address>0x8a48</run_address>
         <size>0x8</size>
         <input_file_ref idref="fl-de"/>
      </object_component>
      <object_component id="oc-278">
         <name>.text:malloc</name>
         <load_address>0x8a50</load_address>
         <run_address>0x8a50</run_address>
         <size>0x8</size>
         <input_file_ref idref="fl-d9"/>
      </object_component>
      <object_component id="oc-9c">
         <name>.text:_system_pre_init</name>
         <load_address>0x8a58</load_address>
         <run_address>0x8a58</run_address>
         <size>0x4</size>
         <input_file_ref idref="fl-e7"/>
      </object_component>
      <object_component id="oc-10c">
         <name>.text:abort:abort</name>
         <load_address>0x8a5c</load_address>
         <run_address>0x8a5c</run_address>
         <size>0x4</size>
         <input_file_ref idref="fl-e9"/>
      </object_component>
      <object_component id="oc-38d">
         <name>.const:$O1$$</name>
         <load_address>0x8a60</load_address>
         <run_address>0x8a60</run_address>
         <size>0x158</size>
         <input_file_ref idref="fl-dc"/>
      </object_component>
      <object_component id="oc-3bf">
         <name>.const:.string:_ctypes_</name>
         <load_address>0x8bb8</load_address>
         <run_address>0x8bb8</run_address>
         <size>0x101</size>
         <input_file_ref idref="fl-ee"/>
      </object_component>
      <object_component id="oc-203">
         <name>.const:.string:$P$T4$5</name>
         <load_address>0x8cb9</load_address>
         <run_address>0x8cb9</run_address>
         <size>0x4</size>
         <input_file_ref idref="fl-7"/>
      </object_component>
      <object_component id="oc-256">
         <name>.const:$O1$$</name>
         <load_address>0x8cc0</load_address>
         <run_address>0x8cc0</run_address>
         <size>0x30</size>
         <input_file_ref idref="fl-c7"/>
      </object_component>
      <object_component id="oc-1e8">
         <name>.const:.string:$P$T3$4</name>
         <load_address>0x8cf0</load_address>
         <run_address>0x8cf0</run_address>
         <size>0x21</size>
         <input_file_ref idref="fl-7"/>
      </object_component>
      <object_component id="oc-1d9">
         <name>.const:.string:$P$T0$1</name>
         <load_address>0x8d11</load_address>
         <run_address>0x8d11</run_address>
         <size>0x1e</size>
         <input_file_ref idref="fl-7"/>
      </object_component>
      <object_component id="oc-1dc">
         <name>.const:.string:$P$T1$2</name>
         <load_address>0x8d2f</load_address>
         <run_address>0x8d2f</run_address>
         <size>0x1d</size>
         <input_file_ref idref="fl-7"/>
      </object_component>
      <object_component id="oc-1e2">
         <name>.const:.string:$P$T2$3</name>
         <load_address>0x8d4c</load_address>
         <run_address>0x8d4c</run_address>
         <size>0x1c</size>
         <input_file_ref idref="fl-7"/>
      </object_component>
      <object_component id="oc-1bb">
         <name>.const:.string:$P$T0$3</name>
         <load_address>0x8d68</load_address>
         <run_address>0x8d68</run_address>
         <size>0xf</size>
         <input_file_ref idref="fl-8"/>
      </object_component>
      <object_component id="oc-206">
         <name>.const:.string:$P$T5$6</name>
         <load_address>0x8d77</load_address>
         <run_address>0x8d77</run_address>
         <size>0x4</size>
         <input_file_ref idref="fl-7"/>
      </object_component>
      <object_component id="oc-24b">
         <name>.const:.string:lineAddress$1</name>
         <load_address>0x8d7b</load_address>
         <run_address>0x8d7b</run_address>
         <size>0x4</size>
         <input_file_ref idref="fl-5"/>
      </object_component>
      <object_component id="oc-24c">
         <name>.const:.string:lineAddresses$2</name>
         <load_address>0x8d7f</load_address>
         <run_address>0x8d7f</run_address>
         <size>0x4</size>
         <input_file_ref idref="fl-5"/>
      </object_component>
      <object_component id="oc-477">
         <name>.cinit..data.load</name>
         <load_address>0x8d88</load_address>
         <run_address>0x8d88</run_address>
         <size>0x54</size>
      </object_component>
      <object_component id="oc-474">
         <name>__TI_handler_table</name>
         <load_address>0x8ddc</load_address>
         <run_address>0x8ddc</run_address>
         <size>0xc</size>
      </object_component>
      <object_component id="oc-478">
         <name>.cinit..bss.load</name>
         <load_address>0x8de8</load_address>
         <run_address>0x8de8</run_address>
         <size>0x8</size>
      </object_component>
      <object_component id="oc-476">
         <name>.cinit..vtable.load</name>
         <load_address>0x8df0</load_address>
         <run_address>0x8df0</run_address>
         <size>0x8</size>
      </object_component>
      <object_component id="oc-475">
         <name>__TI_cinit_table</name>
         <load_address>0x8df8</load_address>
         <run_address>0x8df8</run_address>
         <size>0x18</size>
      </object_component>
      <object_component id="oc-238">
         <name>.vtable</name>
         <uninitialized>true</uninitialized>
         <run_address>0x20000000</run_address>
         <size>0x26c</size>
         <input_file_ref idref="fl-f4"/>
      </object_component>
      <object_component id="oc-152">
         <name>.data</name>
         <load_address>0x20006364</load_address>
         <run_address>0x20006364</run_address>
         <size>0x1</size>
         <input_file_ref idref="fl-2"/>
      </object_component>
      <object_component id="oc-182">
         <name>.data</name>
         <load_address>0x20006365</load_address>
         <run_address>0x20006365</run_address>
         <size>0x1</size>
         <input_file_ref idref="fl-4"/>
      </object_component>
      <object_component id="oc-1d0">
         <name>.data</name>
         <load_address>0x200062b8</load_address>
         <run_address>0x200062b8</run_address>
         <size>0x50</size>
         <input_file_ref idref="fl-7"/>
      </object_component>
      <object_component id="oc-1df">
         <name>.data:midAngle</name>
         <load_address>0x20006328</load_address>
         <run_address>0x20006328</run_address>
         <size>0x14</size>
         <input_file_ref idref="fl-7"/>
      </object_component>
      <object_component id="oc-1ae">
         <name>.data</name>
         <load_address>0x20006308</load_address>
         <run_address>0x20006308</run_address>
         <size>0x20</size>
         <input_file_ref idref="fl-8"/>
      </object_component>
      <object_component id="oc-17a">
         <name>.data</name>
         <load_address>0x2000633c</load_address>
         <run_address>0x2000633c</run_address>
         <size>0x10</size>
         <input_file_ref idref="fl-9"/>
      </object_component>
      <object_component id="oc-17e">
         <name>.data</name>
         <load_address>0x20006360</load_address>
         <run_address>0x20006360</run_address>
         <size>0x4</size>
         <input_file_ref idref="fl-a"/>
      </object_component>
      <object_component id="oc-18a">
         <name>.data</name>
         <load_address>0x20006366</load_address>
         <run_address>0x20006366</run_address>
         <size>0x1</size>
         <input_file_ref idref="fl-c"/>
      </object_component>
      <object_component id="oc-33d">
         <name>.data:$O1$$</name>
         <load_address>0x20006354</load_address>
         <run_address>0x20006354</run_address>
         <size>0x8</size>
         <input_file_ref idref="fl-d9"/>
      </object_component>
      <object_component id="oc-319">
         <name>.data</name>
         <load_address>0x2000635c</load_address>
         <run_address>0x2000635c</run_address>
         <size>0x4</size>
         <input_file_ref idref="fl-de"/>
      </object_component>
      <object_component id="oc-21c">
         <name>.data:$O1$$</name>
         <load_address>0x2000634c</load_address>
         <run_address>0x2000634c</run_address>
         <size>0x8</size>
         <input_file_ref idref="fl-ea"/>
      </object_component>
      <object_component id="oc-1be">
         <name>.bss:firmware$2</name>
         <uninitialized>true</uninitialized>
         <run_address>0x20005298</run_address>
         <size>0x18</size>
         <input_file_ref idref="fl-8"/>
      </object_component>
      <object_component id="oc-155">
         <name>.common:_timeout_ticks</name>
         <uninitialized>true</uninitialized>
         <run_address>0x200052b0</run_address>
         <size>0x4</size>
      </object_component>
      <object_component id="oc-202">
         <name>.common:mapArray</name>
         <uninitialized>true</uninitialized>
         <run_address>0x2000026c</run_address>
         <size>0x4ec0</size>
      </object_component>
      <object_component id="oc-1e5">
         <name>.common:total_distance</name>
         <uninitialized>true</uninitialized>
         <run_address>0x2000512c</run_address>
         <size>0x16c</size>
      </object_component>
      <object_component id="oc-177">
         <name>.common:state</name>
         <uninitialized>true</uninitialized>
         <run_address>0x200052b4</run_address>
         <size>0x1</size>
      </object_component>
      <object_component id="oc-107">
         <name>.common:uart_data</name>
         <uninitialized>true</uninitialized>
         <run_address>0x200052b5</run_address>
         <size>0x1</size>
      </object_component>
      <object_component id="oc-24">
         <name>.sysmem</name>
         <uninitialized>true</uninitialized>
         <run_address>0x20005ab8</run_address>
         <size>0x10</size>
         <input_file_ref idref="fl-d9"/>
      </object_component>
      <object_component id="oc-47b">
         <name>.sysmem</name>
         <uninitialized>true</uninitialized>
         <run_address>0x20005ab8</run_address>
         <size>0x0</size>
      </object_component>
      <object_component id="oc-27">
         <name>.stack</name>
         <uninitialized>true</uninitialized>
         <run_address>0x200052b8</run_address>
         <size>0x4</size>
         <input_file_ref idref="fl-dd"/>
      </object_component>
      <object_component id="oc-47a">
         <name>.stack</name>
         <uninitialized>true</uninitialized>
         <run_address>0x200052b8</run_address>
         <size>0x0</size>
      </object_component>
      <object_component id="oc-c5">
         <name>.debug_info</name>
         <load_address>0x0</load_address>
         <run_address>0x0</run_address>
         <size>0x2d6</size>
         <input_file_ref idref="fl-2"/>
      </object_component>
      <object_component id="oc-153">
         <name>.debug_info</name>
         <load_address>0x2d6</load_address>
         <run_address>0x2d6</run_address>
         <size>0xe4</size>
         <input_file_ref idref="fl-2"/>
      </object_component>
      <object_component id="oc-db">
         <name>.debug_info</name>
         <load_address>0x3ba</load_address>
         <run_address>0x3ba</run_address>
         <size>0x52c</size>
         <input_file_ref idref="fl-2"/>
      </object_component>
      <object_component id="oc-77">
         <name>.debug_info</name>
         <load_address>0x8e6</load_address>
         <run_address>0x8e6</run_address>
         <size>0x26b</size>
         <input_file_ref idref="fl-2"/>
      </object_component>
      <object_component id="oc-39">
         <name>.debug_info</name>
         <load_address>0xb51</load_address>
         <run_address>0xb51</run_address>
         <size>0x84</size>
         <input_file_ref idref="fl-2"/>
      </object_component>
      <object_component id="oc-c0">
         <name>.debug_info</name>
         <load_address>0xbd5</load_address>
         <run_address>0xbd5</run_address>
         <size>0x2a4</size>
         <input_file_ref idref="fl-2"/>
      </object_component>
      <object_component id="oc-7c">
         <name>.debug_info</name>
         <load_address>0xe79</load_address>
         <run_address>0xe79</run_address>
         <size>0xbb</size>
         <input_file_ref idref="fl-2"/>
      </object_component>
      <object_component id="oc-f7">
         <name>.debug_info</name>
         <load_address>0xf34</load_address>
         <run_address>0xf34</run_address>
         <size>0x161</size>
         <input_file_ref idref="fl-3"/>
      </object_component>
      <object_component id="oc-ec">
         <name>.debug_info</name>
         <load_address>0x1095</load_address>
         <run_address>0x1095</run_address>
         <size>0x1bd</size>
         <input_file_ref idref="fl-4"/>
      </object_component>
      <object_component id="oc-24e">
         <name>.debug_info</name>
         <load_address>0x1252</load_address>
         <run_address>0x1252</run_address>
         <size>0x2fb</size>
         <input_file_ref idref="fl-5"/>
      </object_component>
      <object_component id="oc-246">
         <name>.debug_info</name>
         <load_address>0x154d</load_address>
         <run_address>0x154d</run_address>
         <size>0x139</size>
         <input_file_ref idref="fl-5"/>
      </object_component>
      <object_component id="oc-158">
         <name>.debug_info</name>
         <load_address>0x1686</load_address>
         <run_address>0x1686</run_address>
         <size>0x76c</size>
         <input_file_ref idref="fl-5"/>
      </object_component>
      <object_component id="oc-29d">
         <name>.debug_info</name>
         <load_address>0x1df2</load_address>
         <run_address>0x1df2</run_address>
         <size>0xcc</size>
         <input_file_ref idref="fl-5"/>
      </object_component>
      <object_component id="oc-2ba">
         <name>.debug_info</name>
         <load_address>0x1ebe</load_address>
         <run_address>0x1ebe</run_address>
         <size>0x2c</size>
         <input_file_ref idref="fl-5"/>
      </object_component>
      <object_component id="oc-213">
         <name>.debug_info</name>
         <load_address>0x1eea</load_address>
         <run_address>0x1eea</run_address>
         <size>0x35</size>
         <input_file_ref idref="fl-5"/>
      </object_component>
      <object_component id="oc-10b">
         <name>.debug_info</name>
         <load_address>0x1f1f</load_address>
         <run_address>0x1f1f</run_address>
         <size>0x6b0</size>
         <input_file_ref idref="fl-6"/>
      </object_component>
      <object_component id="oc-a3">
         <name>.debug_info</name>
         <load_address>0x25cf</load_address>
         <run_address>0x25cf</run_address>
         <size>0x4ca</size>
         <input_file_ref idref="fl-6"/>
      </object_component>
      <object_component id="oc-20e">
         <name>.debug_info</name>
         <load_address>0x2a99</load_address>
         <run_address>0x2a99</run_address>
         <size>0x5aa</size>
         <input_file_ref idref="fl-6"/>
      </object_component>
      <object_component id="oc-1e6">
         <name>.debug_info</name>
         <load_address>0x3043</load_address>
         <run_address>0x3043</run_address>
         <size>0x703</size>
         <input_file_ref idref="fl-7"/>
      </object_component>
      <object_component id="oc-1d1">
         <name>.debug_info</name>
         <load_address>0x3746</load_address>
         <run_address>0x3746</run_address>
         <size>0x342</size>
         <input_file_ref idref="fl-7"/>
      </object_component>
      <object_component id="oc-1e0">
         <name>.debug_info</name>
         <load_address>0x3a88</load_address>
         <run_address>0x3a88</run_address>
         <size>0xe7</size>
         <input_file_ref idref="fl-7"/>
      </object_component>
      <object_component id="oc-1da">
         <name>.debug_info</name>
         <load_address>0x3b6f</load_address>
         <run_address>0x3b6f</run_address>
         <size>0xe5</size>
         <input_file_ref idref="fl-7"/>
      </object_component>
      <object_component id="oc-1dd">
         <name>.debug_info</name>
         <load_address>0x3c54</load_address>
         <run_address>0x3c54</run_address>
         <size>0xe5</size>
         <input_file_ref idref="fl-7"/>
      </object_component>
      <object_component id="oc-1e3">
         <name>.debug_info</name>
         <load_address>0x3d39</load_address>
         <run_address>0x3d39</run_address>
         <size>0xe5</size>
         <input_file_ref idref="fl-7"/>
      </object_component>
      <object_component id="oc-1e9">
         <name>.debug_info</name>
         <load_address>0x3e1e</load_address>
         <run_address>0x3e1e</run_address>
         <size>0xe5</size>
         <input_file_ref idref="fl-7"/>
      </object_component>
      <object_component id="oc-204">
         <name>.debug_info</name>
         <load_address>0x3f03</load_address>
         <run_address>0x3f03</run_address>
         <size>0xe5</size>
         <input_file_ref idref="fl-7"/>
      </object_component>
      <object_component id="oc-207">
         <name>.debug_info</name>
         <load_address>0x3fe8</load_address>
         <run_address>0x3fe8</run_address>
         <size>0xe5</size>
         <input_file_ref idref="fl-7"/>
      </object_component>
      <object_component id="oc-102">
         <name>.debug_info</name>
         <load_address>0x40cd</load_address>
         <run_address>0x40cd</run_address>
         <size>0x3e75</size>
         <input_file_ref idref="fl-7"/>
      </object_component>
      <object_component id="oc-1c0">
         <name>.debug_info</name>
         <load_address>0x7f42</load_address>
         <run_address>0x7f42</run_address>
         <size>0x421</size>
         <input_file_ref idref="fl-8"/>
      </object_component>
      <object_component id="oc-1af">
         <name>.debug_info</name>
         <load_address>0x8363</load_address>
         <run_address>0x8363</run_address>
         <size>0x136</size>
         <input_file_ref idref="fl-8"/>
      </object_component>
      <object_component id="oc-1bc">
         <name>.debug_info</name>
         <load_address>0x8499</load_address>
         <run_address>0x8499</run_address>
         <size>0xeb</size>
         <input_file_ref idref="fl-8"/>
      </object_component>
      <object_component id="oc-19c">
         <name>.debug_info</name>
         <load_address>0x8584</load_address>
         <run_address>0x8584</run_address>
         <size>0x163</size>
         <input_file_ref idref="fl-8"/>
      </object_component>
      <object_component id="oc-fc">
         <name>.debug_info</name>
         <load_address>0x86e7</load_address>
         <run_address>0x86e7</run_address>
         <size>0x19ad</size>
         <input_file_ref idref="fl-8"/>
      </object_component>
      <object_component id="oc-1c1">
         <name>.debug_info</name>
         <load_address>0xa094</load_address>
         <run_address>0xa094</run_address>
         <size>0x8b</size>
         <input_file_ref idref="fl-8"/>
      </object_component>
      <object_component id="oc-178">
         <name>.debug_info</name>
         <load_address>0xa11f</load_address>
         <run_address>0xa11f</run_address>
         <size>0x35c</size>
         <input_file_ref idref="fl-9"/>
      </object_component>
      <object_component id="oc-17b">
         <name>.debug_info</name>
         <load_address>0xa47b</load_address>
         <run_address>0xa47b</run_address>
         <size>0x180</size>
         <input_file_ref idref="fl-9"/>
      </object_component>
      <object_component id="oc-df">
         <name>.debug_info</name>
         <load_address>0xa5fb</load_address>
         <run_address>0xa5fb</run_address>
         <size>0x3b0</size>
         <input_file_ref idref="fl-9"/>
      </object_component>
      <object_component id="oc-26c">
         <name>.debug_info</name>
         <load_address>0xa9ab</load_address>
         <run_address>0xa9ab</run_address>
         <size>0x44</size>
         <input_file_ref idref="fl-9"/>
      </object_component>
      <object_component id="oc-17f">
         <name>.debug_info</name>
         <load_address>0xa9ef</load_address>
         <run_address>0xa9ef</run_address>
         <size>0xe4</size>
         <input_file_ref idref="fl-a"/>
      </object_component>
      <object_component id="oc-e4">
         <name>.debug_info</name>
         <load_address>0xaad3</load_address>
         <run_address>0xaad3</run_address>
         <size>0x3a9</size>
         <input_file_ref idref="fl-a"/>
      </object_component>
      <object_component id="oc-32">
         <name>.debug_info</name>
         <load_address>0xae7c</load_address>
         <run_address>0xae7c</run_address>
         <size>0x2c0</size>
         <input_file_ref idref="fl-b"/>
      </object_component>
      <object_component id="oc-13">
         <name>.debug_info</name>
         <load_address>0xb13c</load_address>
         <run_address>0xb13c</run_address>
         <size>0xff</size>
         <input_file_ref idref="fl-b"/>
      </object_component>
      <object_component id="oc-2b">
         <name>.debug_info</name>
         <load_address>0xb23b</load_address>
         <run_address>0xb23b</run_address>
         <size>0x27b</size>
         <input_file_ref idref="fl-b"/>
      </object_component>
      <object_component id="oc-108">
         <name>.debug_info</name>
         <load_address>0xb4b6</load_address>
         <run_address>0xb4b6</run_address>
         <size>0x2ee</size>
         <input_file_ref idref="fl-c"/>
      </object_component>
      <object_component id="oc-18b">
         <name>.debug_info</name>
         <load_address>0xb7a4</load_address>
         <run_address>0xb7a4</run_address>
         <size>0xdb</size>
         <input_file_ref idref="fl-c"/>
      </object_component>
      <object_component id="oc-f2">
         <name>.debug_info</name>
         <load_address>0xb87f</load_address>
         <run_address>0xb87f</run_address>
         <size>0x3cc</size>
         <input_file_ref idref="fl-c"/>
      </object_component>
      <object_component id="oc-265">
         <name>.debug_info</name>
         <load_address>0xbc4b</load_address>
         <run_address>0xbc4b</run_address>
         <size>0x35e</size>
         <input_file_ref idref="fl-c7"/>
      </object_component>
      <object_component id="oc-257">
         <name>.debug_info</name>
         <load_address>0xbfa9</load_address>
         <run_address>0xbfa9</run_address>
         <size>0x128</size>
         <input_file_ref idref="fl-c7"/>
      </object_component>
      <object_component id="oc-164">
         <name>.debug_info</name>
         <load_address>0xc0d1</load_address>
         <run_address>0xc0d1</run_address>
         <size>0xbf2</size>
         <input_file_ref idref="fl-c7"/>
      </object_component>
      <object_component id="oc-32d">
         <name>.debug_info</name>
         <load_address>0xccc3</load_address>
         <run_address>0xccc3</run_address>
         <size>0x46</size>
         <input_file_ref idref="fl-c7"/>
      </object_component>
      <object_component id="oc-260">
         <name>.debug_info</name>
         <load_address>0xcd09</load_address>
         <run_address>0xcd09</run_address>
         <size>0x39</size>
         <input_file_ref idref="fl-c7"/>
      </object_component>
      <object_component id="oc-2e0">
         <name>.debug_info</name>
         <load_address>0xcd42</load_address>
         <run_address>0xcd42</run_address>
         <size>0x2c5</size>
         <input_file_ref idref="fl-c8"/>
      </object_component>
      <object_component id="oc-1f2">
         <name>.debug_info</name>
         <load_address>0xd007</load_address>
         <run_address>0xd007</run_address>
         <size>0x24e</size>
         <input_file_ref idref="fl-c8"/>
      </object_component>
      <object_component id="oc-2de">
         <name>.debug_info</name>
         <load_address>0xd255</load_address>
         <run_address>0xd255</run_address>
         <size>0x361</size>
         <input_file_ref idref="fl-c9"/>
      </object_component>
      <object_component id="oc-1ec">
         <name>.debug_info</name>
         <load_address>0xd5b6</load_address>
         <run_address>0xd5b6</run_address>
         <size>0x79b</size>
         <input_file_ref idref="fl-c9"/>
      </object_component>
      <object_component id="oc-327">
         <name>.debug_info</name>
         <load_address>0xdd51</load_address>
         <run_address>0xdd51</run_address>
         <size>0x2f8</size>
         <input_file_ref idref="fl-ca"/>
      </object_component>
      <object_component id="oc-25a">
         <name>.debug_info</name>
         <load_address>0xe049</load_address>
         <run_address>0xe049</run_address>
         <size>0x225</size>
         <input_file_ref idref="fl-ca"/>
      </object_component>
      <object_component id="oc-3b1">
         <name>.debug_info</name>
         <load_address>0xe26e</load_address>
         <run_address>0xe26e</run_address>
         <size>0x39</size>
         <input_file_ref idref="fl-ca"/>
      </object_component>
      <object_component id="oc-328">
         <name>.debug_info</name>
         <load_address>0xe2a7</load_address>
         <run_address>0xe2a7</run_address>
         <size>0x2c</size>
         <input_file_ref idref="fl-ca"/>
      </object_component>
      <object_component id="oc-2e3">
         <name>.debug_info</name>
         <load_address>0xe2d3</load_address>
         <run_address>0xe2d3</run_address>
         <size>0x361</size>
         <input_file_ref idref="fl-cb"/>
      </object_component>
      <object_component id="oc-200">
         <name>.debug_info</name>
         <load_address>0xe634</load_address>
         <run_address>0xe634</run_address>
         <size>0x7ae</size>
         <input_file_ref idref="fl-cb"/>
      </object_component>
      <object_component id="oc-2b9">
         <name>.debug_info</name>
         <load_address>0xede2</load_address>
         <run_address>0xede2</run_address>
         <size>0x333</size>
         <input_file_ref idref="fl-cc"/>
      </object_component>
      <object_component id="oc-1d5">
         <name>.debug_info</name>
         <load_address>0xf115</load_address>
         <run_address>0xf115</run_address>
         <size>0x1d1</size>
         <input_file_ref idref="fl-cc"/>
      </object_component>
      <object_component id="oc-2ae">
         <name>.debug_info</name>
         <load_address>0xf2e6</load_address>
         <run_address>0xf2e6</run_address>
         <size>0x18d</size>
         <input_file_ref idref="fl-cc"/>
      </object_component>
      <object_component id="oc-2b4">
         <name>.debug_info</name>
         <load_address>0xf473</load_address>
         <run_address>0xf473</run_address>
         <size>0x16d</size>
         <input_file_ref idref="fl-cc"/>
      </object_component>
      <object_component id="oc-403">
         <name>.debug_info</name>
         <load_address>0xf5e0</load_address>
         <run_address>0xf5e0</run_address>
         <size>0x2c</size>
         <input_file_ref idref="fl-cc"/>
      </object_component>
      <object_component id="oc-1b8">
         <name>.debug_info</name>
         <load_address>0xf60c</load_address>
         <run_address>0xf60c</run_address>
         <size>0x14c</size>
         <input_file_ref idref="fl-cd"/>
      </object_component>
      <object_component id="oc-1cd">
         <name>.debug_info</name>
         <load_address>0xf758</load_address>
         <run_address>0xf758</run_address>
         <size>0x128</size>
         <input_file_ref idref="fl-ce"/>
      </object_component>
      <object_component id="oc-1c8">
         <name>.debug_info</name>
         <load_address>0xf880</load_address>
         <run_address>0xf880</run_address>
         <size>0x12a</size>
         <input_file_ref idref="fl-ce"/>
      </object_component>
      <object_component id="oc-16e">
         <name>.debug_info</name>
         <load_address>0xf9aa</load_address>
         <run_address>0xf9aa</run_address>
         <size>0x13a</size>
         <input_file_ref idref="fl-cf"/>
      </object_component>
      <object_component id="oc-169">
         <name>.debug_info</name>
         <load_address>0xfae4</load_address>
         <run_address>0xfae4</run_address>
         <size>0x13a</size>
         <input_file_ref idref="fl-d0"/>
      </object_component>
      <object_component id="oc-1fa">
         <name>.debug_info</name>
         <load_address>0xfc1e</load_address>
         <run_address>0xfc1e</run_address>
         <size>0x12e</size>
         <input_file_ref idref="fl-d1"/>
      </object_component>
      <object_component id="oc-175">
         <name>.debug_info</name>
         <load_address>0xfd4c</load_address>
         <run_address>0xfd4c</run_address>
         <size>0x13e</size>
         <input_file_ref idref="fl-d2"/>
      </object_component>
      <object_component id="oc-15e">
         <name>.debug_info</name>
         <load_address>0xfe8a</load_address>
         <run_address>0xfe8a</run_address>
         <size>0x12c</size>
         <input_file_ref idref="fl-d3"/>
      </object_component>
      <object_component id="oc-1b4">
         <name>.debug_info</name>
         <load_address>0xffb6</load_address>
         <run_address>0xffb6</run_address>
         <size>0x12c</size>
         <input_file_ref idref="fl-d4"/>
      </object_component>
      <object_component id="oc-40">
         <name>.debug_info</name>
         <load_address>0x100e2</load_address>
         <run_address>0x100e2</run_address>
         <size>0x119</size>
         <input_file_ref idref="fl-d5"/>
      </object_component>
      <object_component id="oc-95">
         <name>.debug_info</name>
         <load_address>0x101fb</load_address>
         <run_address>0x101fb</run_address>
         <size>0x2d4</size>
         <input_file_ref idref="fl-d6"/>
      </object_component>
      <object_component id="oc-54">
         <name>.debug_info</name>
         <load_address>0x104cf</load_address>
         <run_address>0x104cf</run_address>
         <size>0x1b5</size>
         <input_file_ref idref="fl-d6"/>
      </object_component>
      <object_component id="oc-90">
         <name>.debug_info</name>
         <load_address>0x10684</load_address>
         <run_address>0x10684</run_address>
         <size>0x46</size>
         <input_file_ref idref="fl-d6"/>
      </object_component>
      <object_component id="oc-ce">
         <name>.debug_info</name>
         <load_address>0x106ca</load_address>
         <run_address>0x106ca</run_address>
         <size>0x2c</size>
         <input_file_ref idref="fl-d6"/>
      </object_component>
      <object_component id="oc-49">
         <name>.debug_info</name>
         <load_address>0x106f6</load_address>
         <run_address>0x106f6</run_address>
         <size>0x2a8</size>
         <input_file_ref idref="fl-d7"/>
      </object_component>
      <object_component id="oc-1d">
         <name>.debug_info</name>
         <load_address>0x1099e</load_address>
         <run_address>0x1099e</run_address>
         <size>0x1ea</size>
         <input_file_ref idref="fl-d7"/>
      </object_component>
      <object_component id="oc-44">
         <name>.debug_info</name>
         <load_address>0x10b88</load_address>
         <run_address>0x10b88</run_address>
         <size>0x46</size>
         <input_file_ref idref="fl-d7"/>
      </object_component>
      <object_component id="oc-88">
         <name>.debug_info</name>
         <load_address>0x10bce</load_address>
         <run_address>0x10bce</run_address>
         <size>0x2c</size>
         <input_file_ref idref="fl-d7"/>
      </object_component>
      <object_component id="oc-86">
         <name>.debug_info</name>
         <load_address>0x10bfa</load_address>
         <run_address>0x10bfa</run_address>
         <size>0x29e</size>
         <input_file_ref idref="fl-d8"/>
      </object_component>
      <object_component id="oc-16">
         <name>.debug_info</name>
         <load_address>0x10e98</load_address>
         <run_address>0x10e98</run_address>
         <size>0x250</size>
         <input_file_ref idref="fl-d8"/>
      </object_component>
      <object_component id="oc-34">
         <name>.debug_info</name>
         <load_address>0x110e8</load_address>
         <run_address>0x110e8</run_address>
         <size>0x60</size>
         <input_file_ref idref="fl-d8"/>
      </object_component>
      <object_component id="oc-c7">
         <name>.debug_info</name>
         <load_address>0x11148</load_address>
         <run_address>0x11148</run_address>
         <size>0x46</size>
         <input_file_ref idref="fl-d8"/>
      </object_component>
      <object_component id="oc-81">
         <name>.debug_info</name>
         <load_address>0x1118e</load_address>
         <run_address>0x1118e</run_address>
         <size>0x39</size>
         <input_file_ref idref="fl-d8"/>
      </object_component>
      <object_component id="oc-70">
         <name>.debug_info</name>
         <load_address>0x111c7</load_address>
         <run_address>0x111c7</run_address>
         <size>0x3b2</size>
         <input_file_ref idref="fl-d9"/>
      </object_component>
      <object_component id="oc-25">
         <name>.debug_info</name>
         <load_address>0x11579</load_address>
         <run_address>0x11579</run_address>
         <size>0x10c</size>
         <input_file_ref idref="fl-d9"/>
      </object_component>
      <object_component id="oc-33e">
         <name>.debug_info</name>
         <load_address>0x11685</load_address>
         <run_address>0x11685</run_address>
         <size>0x13f</size>
         <input_file_ref idref="fl-d9"/>
      </object_component>
      <object_component id="oc-27c">
         <name>.debug_info</name>
         <load_address>0x117c4</load_address>
         <run_address>0x117c4</run_address>
         <size>0x168</size>
         <input_file_ref idref="fl-d9"/>
      </object_component>
      <object_component id="oc-283">
         <name>.debug_info</name>
         <load_address>0x1192c</load_address>
         <run_address>0x1192c</run_address>
         <size>0x18e</size>
         <input_file_ref idref="fl-d9"/>
      </object_component>
      <object_component id="oc-289">
         <name>.debug_info</name>
         <load_address>0x11aba</load_address>
         <run_address>0x11aba</run_address>
         <size>0x19f</size>
         <input_file_ref idref="fl-d9"/>
      </object_component>
      <object_component id="oc-199">
         <name>.debug_info</name>
         <load_address>0x11c59</load_address>
         <run_address>0x11c59</run_address>
         <size>0x203</size>
         <input_file_ref idref="fl-d9"/>
      </object_component>
      <object_component id="oc-3ba">
         <name>.debug_info</name>
         <load_address>0x11e5c</load_address>
         <run_address>0x11e5c</run_address>
         <size>0x1db</size>
         <input_file_ref idref="fl-d9"/>
      </object_component>
      <object_component id="oc-193">
         <name>.debug_info</name>
         <load_address>0x12037</load_address>
         <run_address>0x12037</run_address>
         <size>0x1a5</size>
         <input_file_ref idref="fl-d9"/>
      </object_component>
      <object_component id="oc-33a">
         <name>.debug_info</name>
         <load_address>0x121dc</load_address>
         <run_address>0x121dc</run_address>
         <size>0x299</size>
         <input_file_ref idref="fl-d9"/>
      </object_component>
      <object_component id="oc-bb">
         <name>.debug_info</name>
         <load_address>0x12475</load_address>
         <run_address>0x12475</run_address>
         <size>0xb2</size>
         <input_file_ref idref="fl-d9"/>
      </object_component>
      <object_component id="oc-b6">
         <name>.debug_info</name>
         <load_address>0x12527</load_address>
         <run_address>0x12527</run_address>
         <size>0x2c</size>
         <input_file_ref idref="fl-d9"/>
      </object_component>
      <object_component id="oc-28d">
         <name>.debug_info</name>
         <load_address>0x12553</load_address>
         <run_address>0x12553</run_address>
         <size>0x28a</size>
         <input_file_ref idref="fl-da"/>
      </object_component>
      <object_component id="oc-1a4">
         <name>.debug_info</name>
         <load_address>0x127dd</load_address>
         <run_address>0x127dd</run_address>
         <size>0x273</size>
         <input_file_ref idref="fl-da"/>
      </object_component>
      <object_component id="oc-275">
         <name>.debug_info</name>
         <load_address>0x12a50</load_address>
         <run_address>0x12a50</run_address>
         <size>0x28f</size>
         <input_file_ref idref="fl-db"/>
      </object_component>
      <object_component id="oc-188">
         <name>.debug_info</name>
         <load_address>0x12cdf</load_address>
         <run_address>0x12cdf</run_address>
         <size>0x245</size>
         <input_file_ref idref="fl-db"/>
      </object_component>
      <object_component id="oc-391">
         <name>.debug_info</name>
         <load_address>0x12f24</load_address>
         <run_address>0x12f24</run_address>
         <size>0x3aa</size>
         <input_file_ref idref="fl-dc"/>
      </object_component>
      <object_component id="oc-38e">
         <name>.debug_info</name>
         <load_address>0x132ce</load_address>
         <run_address>0x132ce</run_address>
         <size>0x13a</size>
         <input_file_ref idref="fl-dc"/>
      </object_component>
      <object_component id="oc-2d3">
         <name>.debug_info</name>
         <load_address>0x13408</load_address>
         <run_address>0x13408</run_address>
         <size>0x72f</size>
         <input_file_ref idref="fl-dc"/>
      </object_component>
      <object_component id="oc-28">
         <name>.debug_info</name>
         <load_address>0x13b37</load_address>
         <run_address>0x13b37</run_address>
         <size>0x10b</size>
         <input_file_ref idref="fl-dd"/>
      </object_component>
      <object_component id="oc-5d">
         <name>.debug_info</name>
         <load_address>0x13c42</load_address>
         <run_address>0x13c42</run_address>
         <size>0x1a9</size>
         <input_file_ref idref="fl-dd"/>
      </object_component>
      <object_component id="oc-31d">
         <name>.debug_info</name>
         <load_address>0x13deb</load_address>
         <run_address>0x13deb</run_address>
         <size>0x289</size>
         <input_file_ref idref="fl-de"/>
      </object_component>
      <object_component id="oc-31a">
         <name>.debug_info</name>
         <load_address>0x14074</load_address>
         <run_address>0x14074</run_address>
         <size>0x10e</size>
         <input_file_ref idref="fl-de"/>
      </object_component>
      <object_component id="oc-251">
         <name>.debug_info</name>
         <load_address>0x14182</load_address>
         <run_address>0x14182</run_address>
         <size>0x14e</size>
         <input_file_ref idref="fl-de"/>
      </object_component>
      <object_component id="oc-324">
         <name>.debug_info</name>
         <load_address>0x142d0</load_address>
         <run_address>0x142d0</run_address>
         <size>0x161</size>
         <input_file_ref idref="fl-df"/>
      </object_component>
      <object_component id="oc-386">
         <name>.debug_info</name>
         <load_address>0x14431</load_address>
         <run_address>0x14431</run_address>
         <size>0x288</size>
         <input_file_ref idref="fl-e0"/>
      </object_component>
      <object_component id="oc-2ce">
         <name>.debug_info</name>
         <load_address>0x146b9</load_address>
         <run_address>0x146b9</run_address>
         <size>0x327</size>
         <input_file_ref idref="fl-e0"/>
      </object_component>
      <object_component id="oc-394">
         <name>.debug_info</name>
         <load_address>0x149e0</load_address>
         <run_address>0x149e0</run_address>
         <size>0x28d</size>
         <input_file_ref idref="fl-e1"/>
      </object_component>
      <object_component id="oc-2da">
         <name>.debug_info</name>
         <load_address>0x14c6d</load_address>
         <run_address>0x14c6d</run_address>
         <size>0x380</size>
         <input_file_ref idref="fl-e1"/>
      </object_component>
      <object_component id="oc-415">
         <name>.debug_info</name>
         <load_address>0x14fed</load_address>
         <run_address>0x14fed</run_address>
         <size>0x28a</size>
         <input_file_ref idref="fl-e2"/>
      </object_component>
      <object_component id="oc-388">
         <name>.debug_info</name>
         <load_address>0x15277</load_address>
         <run_address>0x15277</run_address>
         <size>0x22a</size>
         <input_file_ref idref="fl-e2"/>
      </object_component>
      <object_component id="oc-376">
         <name>.debug_info</name>
         <load_address>0x154a1</load_address>
         <run_address>0x154a1</run_address>
         <size>0x590</size>
         <input_file_ref idref="fl-e3"/>
      </object_component>
      <object_component id="oc-34d">
         <name>.debug_info</name>
         <load_address>0x15a31</load_address>
         <run_address>0x15a31</run_address>
         <size>0x21e</size>
         <input_file_ref idref="fl-e3"/>
      </object_component>
      <object_component id="oc-3d2">
         <name>.debug_info</name>
         <load_address>0x15c4f</load_address>
         <run_address>0x15c4f</run_address>
         <size>0x1b3</size>
         <input_file_ref idref="fl-e3"/>
      </object_component>
      <object_component id="oc-3d8">
         <name>.debug_info</name>
         <load_address>0x15e02</load_address>
         <run_address>0x15e02</run_address>
         <size>0x21b</size>
         <input_file_ref idref="fl-e3"/>
      </object_component>
      <object_component id="oc-353">
         <name>.debug_info</name>
         <load_address>0x1601d</load_address>
         <run_address>0x1601d</run_address>
         <size>0x3c0</size>
         <input_file_ref idref="fl-e3"/>
      </object_component>
      <object_component id="oc-3df">
         <name>.debug_info</name>
         <load_address>0x163dd</load_address>
         <run_address>0x163dd</run_address>
         <size>0x30a</size>
         <input_file_ref idref="fl-e3"/>
      </object_component>
      <object_component id="oc-3e5">
         <name>.debug_info</name>
         <load_address>0x166e7</load_address>
         <run_address>0x166e7</run_address>
         <size>0x215</size>
         <input_file_ref idref="fl-e3"/>
      </object_component>
      <object_component id="oc-359">
         <name>.debug_info</name>
         <load_address>0x168fc</load_address>
         <run_address>0x168fc</run_address>
         <size>0x215</size>
         <input_file_ref idref="fl-e3"/>
      </object_component>
      <object_component id="oc-35f">
         <name>.debug_info</name>
         <load_address>0x16b11</load_address>
         <run_address>0x16b11</run_address>
         <size>0x304</size>
         <input_file_ref idref="fl-e3"/>
      </object_component>
      <object_component id="oc-365">
         <name>.debug_info</name>
         <load_address>0x16e15</load_address>
         <run_address>0x16e15</run_address>
         <size>0x4b5</size>
         <input_file_ref idref="fl-e3"/>
      </object_component>
      <object_component id="oc-2a8">
         <name>.debug_info</name>
         <load_address>0x172ca</load_address>
         <run_address>0x172ca</run_address>
         <size>0x5f4</size>
         <input_file_ref idref="fl-e3"/>
      </object_component>
      <object_component id="oc-377">
         <name>.debug_info</name>
         <load_address>0x178be</load_address>
         <run_address>0x178be</run_address>
         <size>0x86</size>
         <input_file_ref idref="fl-e3"/>
      </object_component>
      <object_component id="oc-408">
         <name>.debug_info</name>
         <load_address>0x17944</load_address>
         <run_address>0x17944</run_address>
         <size>0x39</size>
         <input_file_ref idref="fl-e3"/>
      </object_component>
      <object_component id="oc-43b">
         <name>.debug_info</name>
         <load_address>0x1797d</load_address>
         <run_address>0x1797d</run_address>
         <size>0xb6</size>
         <input_file_ref idref="fl-e3"/>
      </object_component>
      <object_component id="oc-40d">
         <name>.debug_info</name>
         <load_address>0x17a33</load_address>
         <run_address>0x17a33</run_address>
         <size>0x46</size>
         <input_file_ref idref="fl-e3"/>
      </object_component>
      <object_component id="oc-37c">
[...]
      </symbol>
      <symbol id="sm-405">
         <name>oi_setMotorCalibration</name>
         <value>0x3695</value>
         <object_component_ref idref="oc-fb"/>
      </symbol>
      <symbol id="sm-406">
         <name>oi_uartSendStr</name>
         <value>0x333d</value>
         <object_component_ref idref="oc-fb"/>
      </symbol>
      <symbol id="sm-407">
         <name>oi_close</name>
         <value>0x2bab</value>
         <object_component_ref idref="oc-fb"/>
      </symbol>
      <symbol id="sm-408">
         <name>oi_uartSendBuff</name>
         <value>0x335b</value>
         <object_component_ref idref="oc-fb"/>
      </symbol>
      <symbol id="sm-409">
         <name>oi_checkFirmware</name>
         <value>0x338d</value>
         <object_component_ref idref="oc-fb"/>
      </symbol>
      <symbol id="sm-40a">
         <name>oi_init_noupdate</name>
         <value>0x2b6d</value>
         <object_component_ref idref="oc-fb"/>
      </symbol>
      <symbol id="sm-40b">
         <name>oi_uartSendChar</name>
         <value>0x32f9</value>
         <object_component_ref idref="oc-fb"/>
      </symbol>
      <symbol id="sm-40c">
         <name>oi_alloc</name>
         <value>0x2b51</value>
         <object_component_ref idref="oc-fb"/>
      </symbol>
      <symbol id="sm-40d">
         <name>oi_getMotorCalibrationLeft</name>
         <value>0x36d1</value>
         <object_component_ref idref="oc-fb"/>
      </symbol>
      <symbol id="sm-40e">
         <name>oi_loadSong</name>
         <value>0x31f9</value>
         <object_component_ref idref="oc-fb"/>
      </symbol>
      <symbol id="sm-40f">
         <name>oi_play_song</name>
         <value>0x324f</value>
         <object_component_ref idref="oc-fb"/>
      </symbol>
      <symbol id="sm-410">
         <name>oi_parsePacket</name>
         <value>0x2c0f</value>
         <object_component_ref idref="oc-fb"/>
      </symbol>
      <symbol id="sm-411">
         <name>oi_setLeds</name>
         <value>0x312f</value>
         <object_component_ref idref="oc-fb"/>
      </symbol>
      <symbol id="sm-412">
         <name>oi_init</name>
         <value>0x2b95</value>
         <object_component_ref idref="oc-fb"/>
      </symbol>
      <symbol id="sm-413">
         <name>oi_update</name>
         <value>0x2bbd</value>
         <object_component_ref idref="oc-fb"/>
      </symbol>
      <symbol id="sm-414">
         <name>oi_uartInit</name>
         <value>0x3271</value>
         <object_component_ref idref="oc-fb"/>
      </symbol>
      <symbol id="sm-456">
         <name>state</name>
         <value>0x200052b4</value>
      </symbol>
      <symbol id="sm-457">
         <name>ping_read</name>
         <value>0x5f6d</value>
         <object_component_ref idref="oc-dd"/>
      </symbol>
      <symbol id="sm-458">
         <name>send_pulse</name>
         <value>0x5ef1</value>
         <object_component_ref idref="oc-dd"/>
      </symbol>
      <symbol id="sm-459">
         <name>callPulse</name>
         <value>0x20006348</value>
         <object_component_ref idref="oc-17a"/>
      </symbol>
      <symbol id="sm-45a">
         <name>TIMER3B_Wrangler</name>
         <value>0x6069</value>
         <object_component_ref idref="oc-dd"/>
      </symbol>
      <symbol id="sm-45b">
         <name>falling_time</name>
         <value>0x20006340</value>
         <object_component_ref idref="oc-17a"/>
      </symbol>
      <symbol id="sm-45c">
         <name>init_timer_interrupts</name>
         <value>0x6053</value>
         <object_component_ref idref="oc-dd"/>
      </symbol>
      <symbol id="sm-45d">
         <name>professionallyNamedPulseCheck</name>
         <value>0x20006344</value>
         <object_component_ref idref="oc-17a"/>
      </symbol>
      <symbol id="sm-45e">
         <name>rising_time</name>
         <value>0x2000633c</value>
         <object_component_ref idref="oc-17a"/>
      </symbol>
      <symbol id="sm-45f">
         <name>ping_initialize</name>
         <value>0x5e85</value>
         <object_component_ref idref="oc-dd"/>
      </symbol>
      <symbol id="sm-48a">
         <name>setServo</name>
         <value>0x6be3</value>
         <object_component_ref idref="oc-e3"/>
      </symbol>
      <symbol id="sm-48b">
         <name>calibrate_Servo</name>
         <value>0x6b71</value>
         <object_component_ref idref="oc-e3"/>
      </symbol>
      <symbol id="sm-48c">
         <name>ourBot_Scan</name>
         <value>0x6b21</value>
         <object_component_ref idref="oc-e3"/>
      </symbol>
      <symbol id="sm-48d">
         <name>servo_movement</name>
         <value>0x6b65</value>
         <object_component_ref idref="oc-e3"/>
      </symbol>
      <symbol id="sm-48e">
         <name>totalVal</name>
         <value>0x20006360</value>
         <object_component_ref idref="oc-17e"/>
      </symbol>
      <symbol id="sm-48f">
         <name>servo_initialize</name>
         <value>0x6a85</value>
         <object_component_ref idref="oc-e3"/>
      </symbol>
      <symbol id="sm-4ab">
         <name>ResetISR</name>
         <value>0x8a31</value>
         <object_component_ref idref="oc-2a"/>
      </symbol>
      <symbol id="sm-4ac">
         <name>g_pfnVectors</name>
         <value>0x0</value>
         <object_component_ref idref="oc-12"/>
      </symbol>
      <symbol id="sm-4e1">
         <name>uart_data</name>
         <value>0x200052b5</value>
      </symbol>
      <symbol id="sm-4e2">
         <name>uart_interrupt_handler</name>
         <value>0x7131</value>
         <object_component_ref idref="oc-ef"/>
      </symbol>
      <symbol id="sm-4e3">
         <name>uart_sendChar</name>
         <value>0x7079</value>
         <object_component_ref idref="oc-ef"/>
      </symbol>
      <symbol id="sm-4e4">
         <name>uart_interrupt_init</name>
         <value>0x70f3</value>
         <object_component_ref idref="oc-ef"/>
      </symbol>
      <symbol id="sm-4e5">
         <name>uart_init</name>
         <value>0x700d</value>
         <object_component_ref idref="oc-ef"/>
      </symbol>
      <symbol id="sm-4e6">
         <name>uart_receive</name>
         <value>0x7095</value>
         <object_component_ref idref="oc-ef"/>
      </symbol>
      <symbol id="sm-4e7">
         <name>flag</name>
         <value>0x20006366</value>
         <object_component_ref idref="oc-18a"/>
      </symbol>
      <symbol id="sm-4e8">
         <name>uart_sendStr</name>
         <value>0x70b3</value>
         <object_component_ref idref="oc-ef"/>
      </symbol>
      <symbol id="sm-57e">
         <name>pow</name>
         <value>0x41c1</value>
         <object_component_ref idref="oc-162"/>
      </symbol>
      <symbol id="sm-57f">
         <name>powl</name>
         <value>0x41c1</value>
         <object_component_ref idref="oc-162"/>
      </symbol>
      <symbol id="sm-5a1">
         <name>sqrtl</name>
         <value>0x7499</value>
         <object_component_ref idref="oc-1f1"/>
      </symbol>
      <symbol id="sm-5a2">
         <name>sqrt</name>
         <value>0x7499</value>
         <object_component_ref idref="oc-1f1"/>
      </symbol>
      <symbol id="sm-5f3">
         <name>cosl</name>
         <value>0x58a9</value>
         <object_component_ref idref="oc-1eb"/>
      </symbol>
      <symbol id="sm-5f4">
         <name>cos</name>
         <value>0x58a9</value>
         <object_component_ref idref="oc-1eb"/>
      </symbol>
      <symbol id="sm-61b">
         <name>scalbn</name>
         <value>0x7989</value>
         <object_component_ref idref="oc-259"/>
      </symbol>
      <symbol id="sm-61c">
         <name>scalbnl</name>
         <value>0x7989</value>
         <object_component_ref idref="oc-259"/>
      </symbol>
      <symbol id="sm-61d">
         <name>ldexpl</name>
         <value>0x7989</value>
         <object_component_ref idref="oc-259"/>
      </symbol>
      <symbol id="sm-61e">
         <name>ldexp</name>
         <value>0x7989</value>
         <object_component_ref idref="oc-259"/>
      </symbol>
      <symbol id="sm-66e">
         <name>sin</name>
         <value>0x52c9</value>
         <object_component_ref idref="oc-1fc"/>
      </symbol>
      <symbol id="sm-66f">
         <name>sinl</name>
         <value>0x52c9</value>
         <object_component_ref idref="oc-1fc"/>
      </symbol>
      <symbol id="sm-696">
         <name>sprintf</name>
         <value>0x8765</value>
         <object_component_ref idref="oc-1d3"/>
      </symbol>
      <symbol id="sm-6ad">
         <name>__aeabi_dsub</name>
         <value>0x6e55</value>
         <object_component_ref idref="oc-1b6"/>
      </symbol>
      <symbol id="sm-6ae">
         <name>__aeabi_dadd</name>
         <value>0x6e5f</value>
         <object_component_ref idref="oc-1b6"/>
      </symbol>
      <symbol id="sm-6d0">
         <name>__aeabi_cdcmpeq</name>
         <value>0x81f1</value>
         <object_component_ref idref="oc-1cb"/>
      </symbol>
      <symbol id="sm-6d1">
         <name>__aeabi_cdcmple</name>
         <value>0x81f1</value>
         <object_component_ref idref="oc-1cb"/>
      </symbol>
      <symbol id="sm-6d2">
         <name>__aeabi_cdrcmple</name>
         <value>0x8277</value>
         <object_component_ref idref="oc-1c6"/>
      </symbol>
      <symbol id="sm-6e6">
         <name>__aeabi_ddiv</name>
         <value>0x772d</value>
         <object_component_ref idref="oc-16d"/>
      </symbol>
      <symbol id="sm-6f1">
         <name>__aeabi_dmul</name>
         <value>0x7b99</value>
         <object_component_ref idref="oc-168"/>
      </symbol>
      <symbol id="sm-6fb">
         <name>__aeabi_d2iz</name>
         <value>0x86d9</value>
         <object_component_ref idref="oc-1f7"/>
      </symbol>
      <symbol id="sm-707">
         <name>__aeabi_d2f</name>
         <value>0x8457</value>
         <object_component_ref idref="oc-172"/>
      </symbol>
      <symbol id="sm-712">
         <name>__aeabi_f2d</name>
         <value>0x881d</value>
         <object_component_ref idref="oc-15d"/>
      </symbol>
      <symbol id="sm-71c">
         <name>__aeabi_i2d</name>
         <value>0x88bd</value>
         <object_component_ref idref="oc-1b1"/>
      </symbol>
      <symbol id="sm-737">
         <name>memcpy</name>
         <value>0x80bf</value>
         <object_component_ref idref="oc-3e"/>
      </symbol>
      <symbol id="sm-738">
         <name>__aeabi_memcpy</name>
         <value>0x80bf</value>
         <object_component_ref idref="oc-3e"/>
      </symbol>
      <symbol id="sm-739">
         <name>__aeabi_memcpy8</name>
         <value>0x80bf</value>
         <object_component_ref idref="oc-3e"/>
      </symbol>
      <symbol id="sm-73a">
         <name>__aeabi_memcpy4</name>
         <value>0x80bf</value>
         <object_component_ref idref="oc-3e"/>
      </symbol>
      <symbol id="sm-751">
         <name>__TI_zero_init</name>
         <value>0x8a25</value>
         <object_component_ref idref="oc-50"/>
      </symbol>
      <symbol id="sm-768">
         <name>__TI_decompress_none</name>
         <value>0x8a0b</value>
         <object_component_ref idref="oc-1b"/>
      </symbol>
      <symbol id="sm-78b">
         <name>__TI_decompress_lzss</name>
         <value>0x84c5</value>
         <object_component_ref idref="oc-15"/>
      </symbol>
      <symbol id="sm-820">
         <name>_sys_memory</name>
         <value>0x20005ab8</value>
         <object_component_ref idref="oc-24"/>
      </symbol>
      <symbol id="sm-821">
         <name>free</name>
         <value>0x7e71</value>
         <object_component_ref idref="oc-195"/>
      </symbol>
      <symbol id="sm-822">
         <name>memalign</name>
         <value>0x7a99</value>
         <object_component_ref idref="oc-336"/>
      </symbol>
      <symbol id="sm-823">
         <name>calloc</name>
         <value>0x87e5</value>
         <object_component_ref idref="oc-18f"/>
      </symbol>
      <symbol id="sm-824">
         <name>malloc</name>
         <value>0x8a51</value>
         <object_component_ref idref="oc-278"/>
      </symbol>
      <symbol id="sm-825">
         <name>aligned_alloc</name>
         <value>0x7a99</value>
         <object_component_ref idref="oc-336"/>
      </symbol>
      <symbol id="sm-834">
         <name>strcmp</name>
         <value>0x8997</value>
         <object_component_ref idref="oc-1a2"/>
      </symbol>
      <symbol id="sm-842">
         <name>strlen</name>
         <value>0x89c5</value>
         <object_component_ref idref="oc-184"/>
      </symbol>
      <symbol id="sm-8a8">
         <name>__kernel_rem_pio2</name>
         <value>0x4b91</value>
         <object_component_ref idref="oc-2d1"/>
      </symbol>
      <symbol id="sm-8bb">
         <name>__stack</name>
         <value>0x200052b8</value>
         <object_component_ref idref="oc-27"/>
      </symbol>
      <symbol id="sm-8bc">
         <name>_c_int00_noargs</name>
         <value>0x8889</value>
         <object_component_ref idref="oc-5c"/>
      </symbol>
      <symbol id="sm-8d2">
         <name>__aeabi_errno_addr</name>
         <value>0x8a49</value>
         <object_component_ref idref="oc-250"/>
      </symbol>
      <symbol id="sm-8d3">
         <name>errno</name>
         <value>0x2000635c</value>
         <object_component_ref idref="oc-319"/>
      </symbol>
      <symbol id="sm-8dd">
         <name>copysign</name>
         <value>0x894d</value>
         <object_component_ref idref="oc-320"/>
      </symbol>
      <symbol id="sm-8de">
         <name>copysignl</name>
         <value>0x894d</value>
         <object_component_ref idref="oc-320"/>
      </symbol>
      <symbol id="sm-8f4">
         <name>__kernel_cos</name>
         <value>0x7329</value>
         <object_component_ref idref="oc-2cb"/>
      </symbol>
      <symbol id="sm-90b">
         <name>__kernel_sin</name>
         <value>0x71b5</value>
         <object_component_ref idref="oc-2d7"/>
      </symbol>
      <symbol id="sm-928">
         <name>floorl</name>
         <value>0x7c95</value>
         <object_component_ref idref="oc-387"/>
      </symbol>
      <symbol id="sm-929">
         <name>floor</name>
         <value>0x7c95</value>
         <object_component_ref idref="oc-387"/>
      </symbol>
      <symbol id="sm-a8e">
         <name>__TI_printfi</name>
         <value>0x3771</value>
         <object_component_ref idref="oc-2a6"/>
      </symbol>
      <symbol id="sm-a9d">
         <name>__aeabi_memset</name>
         <value>0x82ff</value>
         <object_component_ref idref="oc-96"/>
      </symbol>
      <symbol id="sm-a9e">
         <name>memset</name>
         <value>0x8305</value>
         <object_component_ref idref="oc-96"/>
      </symbol>
      <symbol id="sm-a9f">
         <name>__aeabi_memset8</name>
         <value>0x82ff</value>
         <object_component_ref idref="oc-96"/>
      </symbol>
      <symbol id="sm-aa0">
         <name>__aeabi_memset4</name>
         <value>0x82ff</value>
         <object_component_ref idref="oc-96"/>
      </symbol>
      <symbol id="sm-aa1">
         <name>__aeabi_memclr8</name>
         <value>0x82fd</value>
         <object_component_ref idref="oc-96"/>
      </symbol>
      <symbol id="sm-aa2">
         <name>__aeabi_memclr4</name>
         <value>0x82fd</value>
         <object_component_ref idref="oc-96"/>
      </symbol>
      <symbol id="sm-aa3">
         <name>__aeabi_memclr</name>
         <value>0x82fd</value>
         <object_component_ref idref="oc-96"/>
      </symbol>
      <symbol id="sm-ab0">
         <name>__aeabi_uldivmod</name>
         <value>0x815b</value>
         <object_component_ref idref="oc-3c4"/>
      </symbol>
      <symbol id="sm-ad8">
         <name>__TI_auto_init_nobinit_nopinit</name>
         <value>0x8721</value>
         <object_component_ref idref="oc-118"/>
      </symbol>
      <symbol id="sm-ae2">
         <name>_system_pre_init</name>
         <value>0x8a59</value>
         <object_component_ref idref="oc-9c"/>
      </symbol>
      <symbol id="sm-aee">
         <name>C$$EXIT</name>
         <value>0x8a5d</value>
         <object_component_ref idref="oc-10c"/>
      </symbol>
      <symbol id="sm-aef">
         <name>abort</name>
         <value>0x8a5d</value>
         <object_component_ref idref="oc-10c"/>
      </symbol>
      <symbol id="sm-b04">
         <name>_nop</name>
         <value>0x41bf</value>
         <object_component_ref idref="oc-2ea"/>
      </symbol>
      <symbol id="sm-b05">
         <name>_lock</name>
         <value>0x2000634c</value>
         <object_component_ref idref="oc-21c"/>
      </symbol>
      <symbol id="sm-b06">
         <name>_unlock</name>
         <value>0x20006350</value>
         <object_component_ref idref="oc-21c"/>
      </symbol>
      <symbol id="sm-b15">
         <name>__TI_ltoa</name>
         <value>0x85e7</value>
         <object_component_ref idref="oc-3ca"/>
      </symbol>
      <symbol id="sm-b2c">
         <name>atoi</name>
         <value>0x868d</value>
         <object_component_ref idref="oc-345"/>
      </symbol>
      <symbol id="sm-b37">
         <name>_ctypes_</name>
         <value>0x8bb8</value>
         <object_component_ref idref="oc-3bf"/>
      </symbol>
      <symbol id="sm-b47">
         <name>memccpy</name>
         <value>0x8931</value>
         <object_component_ref idref="oc-369"/>
      </symbol>
      <symbol id="sm-b57">
         <name>strchr</name>
         <value>0x89af</value>
         <object_component_ref idref="oc-3f1"/>
      </symbol>
      <symbol id="sm-b70">
         <name>wcslen</name>
         <value>0x89d9</value>
         <object_component_ref idref="oc-36f"/>
      </symbol>
      <symbol id="sm-b86">
         <name>frexpl</name>
         <value>0x852d</value>
         <object_component_ref idref="oc-3eb"/>
      </symbol>
      <symbol id="sm-b87">
         <name>frexp</name>
         <value>0x852d</value>
         <object_component_ref idref="oc-3eb"/>
      </symbol>
      <symbol id="sm-b91">
         <name>__aeabi_idiv0</name>
         <value>0x700b</value>
         <object_component_ref idref="oc-422"/>
      </symbol>
      <symbol id="sm-b92">
         <name>__aeabi_ldiv0</name>
         <value>0x700b</value>
         <object_component_ref idref="oc-422"/>
      </symbol>
      <symbol id="sm-bc1">
         <name>IntRegister</name>
         <value>0x8855</value>
         <object_component_ref idref="oc-14c"/>
      </symbol>
      <symbol id="sm-bc2">
         <name>g_pfnRAMVectors</name>
         <value>0x20000000</value>
         <object_component_ref idref="oc-238"/>
      </symbol>
      <symbol id="sm-bc3">
         <name>IntMasterEnable</name>
         <value>0x89eb</value>
         <object_component_ref idref="oc-1a8"/>
      </symbol>
      <symbol id="sm-bcd">
         <name>CPUcpsie</name>
         <value>0x8a19</value>
         <object_component_ref idref="oc-28e"/>
      </symbol>
      <symbol id="sm-bce">
         <name>__TI_static_base__</name>
         <value>0x0</value>
      </symbol>
      <symbol id="sm-bd1">
         <name>__mpu_init</name>
         <value>0x0</value>
      </symbol>
      <symbol id="sm-bd2">
         <name>_system_post_cinit</name>
         <value>0x0</value>
      </symbol>
   </symbol_table>
   <title>Link successful</title>
</link_info>
