******************************************************************************
                  TI ARM Linker PC v20.2.7                     
******************************************************************************
>> Linked Sat Dec  2 22:19:35 2023

OUTPUT FILE NAME:   <Final_Project.out>
ENTRY POINT SYMBOL: "_c_int00_noargs"  address: 00008889


MEMORY CONFIGURATION

         name            origin    length      used     unused   attr    fill
----------------------  --------  ---------  --------  --------  ----  --------
  FLASH                 00000000   00040000  00008e0b  000371f5  R  X
  SRAM                  20000000   00008000  00006365  00001c9b  RW X


SEGMENT ALLOCATION MAP

run origin  load origin   length   init length attrs members
----------  ----------- ---------- ----------- ----- -------
00000000    00000000    00008e10   00008e10    r-x
  00000000    00000000    0000026c   0000026c    r-- .intvecs
  0000026c    0000026c    000087f4   000087f4    r-x .text
  00008a60    00008a60    00000323   00000323    r-- .const
  00008d88    00008d88    00000088   00000088    r-- .cinit
20000000    20000000    00006367   00000000    rw-
  20000000    20000000    0000026c   00000000    rw- .vtable
  2000026c    2000026c    0000504a   00000000    rw- .bss
  200052b8    200052b8    00000800   00000000    rw- .stack
  20005ab8    20005ab8    00000800   00000000    rw- .sysmem
  200062b8    200062b8    000000af   00000000    rw- .data


SECTION ALLOCATION MAP

 output                                  attributes/
section   page    origin      length       input sections
--------  ----  ----------  ----------   ----------------
.intvecs   0    00000000    0000026c     
                  00000000    0000026c     tm4c123gh6pm_startup_ccs.obj (.intvecs)

.text      0    0000026c    000087f4     
                  0000026c    000028e4     movement.obj (.text)
                  00002b50    00000c20     open_interface.obj (.text)
                  00003770    00000a4e     rtsv7M4_T_le_v4SPD16_eabi.lib : _printfi.c.obj (.text:__TI_printfi)
                  000041be    00000002                                   : _lock.c.obj (.text:_nop)
                  000041c0    000009d0                                   : e_pow.c.obj (.text:pow)
                  00004b90    00000738                                   : k_rem_pio2.c.obj (.text:__kernel_rem_pio2)
                  000052c8    000005e0                                   : s_sin.c.obj (.text:sin)
                  000058a8    000005dc                                   : s_cos.c.obj (.text:cos)
                  00005e84    000002a4     ping.obj (.text)
                  00006128    00000270     rtsv7M4_T_le_v4SPD16_eabi.lib : _printfi.c.obj (.text:_pconv_a)
                  00006398    00000260     lcd.obj (.text)
                  000065f8    00000248     Timer.obj (.text)
                  00006840    00000244     main.obj (.text)
                  00006a84    00000200     servo.obj (.text)
                  00006c84    000001d0     rtsv7M4_T_le_v4SPD16_eabi.lib : _printfi.c.obj (.text:_pconv_g)
                  00006e54    000001b6                                   : fd_add_t2.asm.obj (.text)
                  0000700a    00000002                                   : div0.asm.obj (.text)
                  0000700c    000001a8     uart.obj (.text)
                  000071b4    00000174     rtsv7M4_T_le_v4SPD16_eabi.lib : k_sin.c.obj (.text:__kernel_sin)
                  00007328    00000170                                   : k_cos.c.obj (.text:__kernel_cos)
                  00007498    00000158                                   : e_sqrt.c.obj (.text:sqrt)
                  000075f0    0000013c                                   : _printfi.c.obj (.text:_pconv_e)
                  0000772c    00000136                                   : fd_div_t2.asm.obj (.text)
                  00007862    00000002     --HOLE-- [fill = 0]
                  00007864    00000124                                   : _printfi.c.obj (.text:fcvt)
                  00007988    00000110                                   : s_scalbn.c.obj (.text:scalbn)
                  00007a98    00000100                                   : memory.c.obj (.text:aligned_alloc)
                  00007b98    000000fc                                   : fd_mul_t2.asm.obj (.text)
                  00007c94    000000f8                                   : s_floor.c.obj (.text:floor)
                  00007d8c    000000e4     adc.obj (.text)
                  00007e70    000000e4     rtsv7M4_T_le_v4SPD16_eabi.lib : memory.c.obj (.text:free)
                  00007f54    000000b8     button.obj (.text)
                  0000800c    000000b1     rtsv7M4_T_le_v4SPD16_eabi.lib : _printfi.c.obj (.text:_ltostr)
                  000080bd    00000001     --HOLE-- [fill = 0]
                  000080be    0000009c                                   : memcpy_t2.asm.obj (.text)
                  0000815a    00000096                                   : ull_div_t2.asm.obj (.text)
                  000081f0    00000086                                   : fd_cmp_t2.asm.obj (.text:__aeabi_cdcmple)
                  00008276    00000086                                   : fd_cmp_t2.asm.obj (.text:__aeabi_cdrcmple)
                  000082fc    0000007a                                   : memset_t2.asm.obj (.text)
                  00008376    00000002     --HOLE-- [fill = 0]
                  00008378    00000070                                   : memory.c.obj (.text:split)
                  000083e8    0000006e                                   : _printfi.c.obj (.text:_mcpy)
                  00008456    0000006e                                   : fd_tos_t2.asm.obj (.text)
                  000084c4    00000068                                   : copy_decompress_lzss.c.obj (.text:decompress:lzss:__TI_decompress_lzss)
                  0000852c    00000064                                   : s_frexp.c.obj (.text:frexp)
                  00008590    00000056                                   : _printfi.c.obj (.text:_pconv_f)
                  000085e6    00000054                                   : _ltoa.c.obj (.text:__TI_ltoa)
                  0000863a    00000052                                   : _printfi.c.obj (.text:_ecpy)
                  0000868c    0000004c                                   : atoi.c.obj (.text:atoi)
                  000086d8    00000048                                   : fd_toi_t2.asm.obj (.text)
                  00008720    00000044                                   : autoinit.c.obj (.text:__TI_auto_init_nobinit_nopinit:__TI_auto_init_nobinit_nopinit)
                  00008764    00000040                                   : sprintf.c.obj (.text:sprintf)
                  000087a4    0000003e                                   : _printfi.c.obj (.text:_fcpy)
                  000087e2    00000002     --HOLE-- [fill = 0]
                  000087e4    00000038                                   : memory.c.obj (.text:calloc)
                  0000881c    00000038                                   : fs_tod_t2.asm.obj (.text)
                  00008854    00000034     driverlib.lib : interrupt.obj (.text:IntRegister)
                  00008888    00000034     rtsv7M4_T_le_v4SPD16_eabi.lib : boot_cortex_m.c.obj (.text:_c_int00_noargs:_c_int00_noargs)
                  000088bc    0000002e                                   : i_tofd_t2.asm.obj (.text)
                  000088ea    00000002     --HOLE-- [fill = 0]
                  000088ec    00000028                                   : memory.c.obj (.text:free_list_insert)
                  00008914    0000001c                                   : memory.c.obj (.text:free_list_remove)
                  00008930    0000001c                                   : memccpy.c.obj (.text:memccpy)
                  0000894c    0000001a                                   : s_copysign.c.obj (.text:copysign)
                  00008966    00000018                                   : sprintf.c.obj (.text:_outs)
                  0000897e    00000018     open_interface.obj (.text:oi_parseInt)
                  00008996    00000018     rtsv7M4_T_le_v4SPD16_eabi.lib : strcmp.c.obj (.text:strcmp)
                  000089ae    00000016                                   : strchr.c.obj (.text:strchr)
                  000089c4    00000014                                   : strlen.c.obj (.text:strlen)
                  000089d8    00000012                                   : wcslen.c.obj (.text:wcslen)
                  000089ea    00000010     driverlib.lib : interrupt.obj (.text:IntMasterEnable)
                  000089fa    00000010     lcd.obj (.text:lcd_clear)
                  00008a0a    0000000e     rtsv7M4_T_le_v4SPD16_eabi.lib : copy_decompress_none.c.obj (.text:decompress:none:__TI_decompress_none)
                  00008a18    0000000c     driverlib.lib : cpu.obj (.text:CPUcpsie)
                  00008a24    0000000c     rtsv7M4_T_le_v4SPD16_eabi.lib : copy_zero_init.c.obj (.text:decompress:ZI:__TI_zero_init)
                  00008a30    0000000c     tm4c123gh6pm_startup_ccs.obj (.text)
                  00008a3c    0000000a     rtsv7M4_T_le_v4SPD16_eabi.lib : sprintf.c.obj (.text:_outc)
                  00008a46    00000002     --HOLE-- [fill = 0]
                  00008a48    00000008                                   : errno.c.obj (.text:__aeabi_errno_addr)
                  00008a50    00000008                                   : memory.c.obj (.text:malloc)
                  00008a58    00000004                                   : pre_init.c.obj (.text:_system_pre_init)
                  00008a5c    00000004                                   : exit.c.obj (.text:abort:abort)

.const     0    00008a60    00000323     
                  00008a60    00000158     rtsv7M4_T_le_v4SPD16_eabi.lib : k_rem_pio2.c.obj (.const:$O1$$)
                  00008bb8    00000101                                   : ctype.c.obj (.const:.string:_ctypes_)
                  00008cb9    00000004     movement.obj (.const:.string:$P$T4$5)
                  00008cbd    00000003     --HOLE-- [fill = 0]
                  00008cc0    00000030     rtsv7M4_T_le_v4SPD16_eabi.lib : e_pow.c.obj (.const:$O1$$)
                  00008cf0    00000021     movement.obj (.const:.string:$P$T3$4)
                  00008d11    0000001e     movement.obj (.const:.string:$P$T0$1)
                  00008d2f    0000001d     movement.obj (.const:.string:$P$T1$2)
                  00008d4c    0000001c     movement.obj (.const:.string:$P$T2$3)
                  00008d68    0000000f     open_interface.obj (.const:.string:$P$T0$3)
                  00008d77    00000004     movement.obj (.const:.string:$P$T5$6)
                  00008d7b    00000004     lcd.obj (.const:.string:lineAddress$1)
                  00008d7f    00000004     lcd.obj (.const:.string:lineAddresses$2)

.cinit     0    00008d88    00000088     
                  00008d88    00000054     (.cinit..data.load) [load image, compression = lzss]
                  00008ddc    0000000c     (__TI_handler_table)
                  00008de8    00000008     (.cinit..bss.load) [load image, compression = zero_init]
                  00008df0    00000008     (.cinit..vtable.load) [load image, compression = zero_init]
                  00008df8    00000018     (__TI_cinit_table)

.init_array 
*          0    00000000    00000000     UNINITIALIZED

.vtable    0    20000000    0000026c     UNINITIALIZED
                  20000000    0000026c     driverlib.lib : interrupt.obj (.vtable)

.bss       0    2000026c    0000504a     UNINITIALIZED
                  2000026c    00004ec0     (.common:mapArray)
                  2000512c    0000016c     (.common:total_distance)
                  20005298    00000018     open_interface.obj (.bss:firmware$2)
                  200052b0    00000004     (.common:_timeout_ticks)
                  200052b4    00000001     (.common:state)
                  200052b5    00000001     (.common:uart_data)

.stack     0    200052b8    00000800     UNINITIALIZED
                  200052b8    00000004     rtsv7M4_T_le_v4SPD16_eabi.lib : boot_cortex_m.c.obj (.stack)
                  200052bc    000007fc     --HOLE--

.sysmem    0    20005ab8    00000800     UNINITIALIZED
                  20005ab8    00000010     rtsv7M4_T_le_v4SPD16_eabi.lib : memory.c.obj (.sysmem)
                  20005ac8    000007f0     --HOLE--

.data      0    200062b8    000000af     UNINITIALIZED
                  200062b8    00000050     movement.obj (.data)
                  20006308    00000020     open_interface.obj (.data)
                  20006328    00000014     movement.obj (.data:midAngle)
                  2000633c    00000010     ping.obj (.data)
                  2000634c    00000008     rtsv7M4_T_le_v4SPD16_eabi.lib : _lock.c.obj (.data:$O1$$)
                  20006354    00000008                                   : memory.c.obj (.data:$O1$$)
                  2000635c    00000004                                   : errno.c.obj (.data)
                  20006360    00000004     servo.obj (.data)
                  20006364    00000001     Timer.obj (.data)
                  20006365    00000001     button.obj (.data)
                  20006366    00000001     uart.obj (.data)

__llvm_prf_cnts 
*          0    20000000    00000000     UNINITIALIZED

MODULE SUMMARY

       Module                         code    ro data   rw data
       ------                         ----    -------   -------
    .\
       movement.obj                   10468   128       20624  
       open_interface.obj             3128    15        56     
       ping.obj                       676     0         17     
       lcd.obj                        624     8         0      
       tm4c123gh6pm_startup_ccs.obj   12      620       0      
       Timer.obj                      584     0         5      
       main.obj                       580     0         0      
       servo.obj                      512     0         4      
       uart.obj                       424     0         2      
       adc.obj                        228     0         0      
       button.obj                     184     0         1      
    +--+------------------------------+-------+---------+---------+
       Total:                         17420   771       20709  
                                                               
    C:/ti/TivaWare_C_Series-2.2.0.295/driverlib/ccs/Debug/driverlib.lib
       interrupt.obj                  68      0         620    
       cpu.obj                        12      0         0      
    +--+------------------------------+-------+---------+---------+
       Total:                         80      0         620    
                                                               
    C:\ti\ccs1230\ccs\tools\compiler\ti-cgt-arm_20.2.7.LTS\lib\rtsv7M4_T_le_v4SPD16_eabi.lib
       _printfi.c.obj                 4851    0         0      
       e_pow.c.obj                    2512    48        0      
       k_rem_pio2.c.obj               1848    344       0      
       s_sin.c.obj                    1504    0         0      
       s_cos.c.obj                    1500    0         0      
       memory.c.obj                   728     0         8      
       fd_add_t2.asm.obj              438     0         0      
       k_sin.c.obj                    372     0         0      
       k_cos.c.obj                    368     0         0      
       e_sqrt.c.obj                   344     0         0      
       fd_div_t2.asm.obj              310     0         0      
       s_scalbn.c.obj                 272     0         0      
       fd_cmp_t2.asm.obj              268     0         0      
       ctype.c.obj                    0       257       0      
       fd_mul_t2.asm.obj              252     0         0      
       s_floor.c.obj                  248     0         0      
       memcpy_t2.asm.obj              156     0         0      
       ull_div_t2.asm.obj             150     0         0      
       memset_t2.asm.obj              122     0         0      
       fd_tos_t2.asm.obj              110     0         0      
       copy_decompress_lzss.c.obj     104     0         0      
       s_frexp.c.obj                  100     0         0      
       sprintf.c.obj                  98      0         0      
       _ltoa.c.obj                    84      0         0      
       atoi.c.obj                     76      0         0      
       fd_toi_t2.asm.obj              72      0         0      
       autoinit.c.obj                 68      0         0      
       fs_tod_t2.asm.obj              56      0         0      
       boot_cortex_m.c.obj            52      0         0      
       i_tofd_t2.asm.obj              46      0         0      
       memccpy.c.obj                  28      0         0      
       s_copysign.c.obj               26      0         0      
       strcmp.c.obj                   24      0         0      
       strchr.c.obj                   22      0         0      
       strlen.c.obj                   20      0         0      
       wcslen.c.obj                   18      0         0      
       copy_decompress_none.c.obj     14      0         0      
       copy_zero_init.c.obj           12      0         0      
       errno.c.obj                    8       0         4      
       _lock.c.obj                    2       0         8      
       exit.c.obj                     4       0         0      
       pre_init.c.obj                 4       0         0      
       div0.asm.obj                   2       0         0      
    +--+------------------------------+-------+---------+---------+
       Total:                         17293   649       20     
                                                               
       Heap:                          0       0         2048   
       Stack:                         0       0         2048   
       Linker Generated:              0       136       0      
    +--+------------------------------+-------+---------+---------+
       Grand Total:                   34793   1556      25445  


LINKER GENERATED COPY TABLES

__TI_cinit_table @ 00008df8 records: 3, size/record: 8, table size: 24
	.data: load addr=00008d88, load size=00000054 bytes, run addr=200062b8, run size=000000af bytes, compression=lzss
	.bss: load addr=00008de8, load size=00000008 bytes, run addr=2000026c, run size=0000504a bytes, compression=zero_init
	.vtable: load addr=00008df0, load size=00000008 bytes, run addr=20000000, run size=0000026c bytes, compression=zero_init


LINKER GENERATED HANDLER TABLE

__TI_handler_table @ 00008ddc records: 3, size/record: 4, table size: 12
	index: 0, handler: __TI_zero_init
	index: 1, handler: __TI_decompress_lzss
	index: 2, handler: __TI_decompress_none


GLOBAL SYMBOLS: SORTED ALPHABETICALLY BY Name 

address   name                          
-------   ----                          
00008a5d  C$$EXIT                       
00008a19  CPUcpsie                      
000034a7  GPIOF_Handler                 
000089eb  IntMasterEnable               
00008855  IntRegister                   
00008a31  ResetISR                      
00006069  TIMER3B_Wrangler              
20005ab8  __STACK_END                   
00000800  __STACK_SIZE                  
200054b8  __STACK_TOP                   
00000800  __SYSMEM_SIZE                 
00008df8  __TI_CINIT_Base               
00008e10  __TI_CINIT_Limit              
00008ddc  __TI_Handler_Table_Base       
00008de8  __TI_Handler_Table_Limit      
00008721  __TI_auto_init_nobinit_nopinit
000084c5  __TI_decompress_lzss          
00008a0b  __TI_decompress_none          
000085e7  __TI_ltoa                     
ffffffff  __TI_pprof_out_hndl           
00003771  __TI_printfi                  
ffffffff  __TI_prof_data_size           
ffffffff  __TI_prof_data_start          
00000000  __TI_static_base__            
00008a25  __TI_zero_init                
000081f1  __aeabi_cdcmpeq               
000081f1  __aeabi_cdcmple               
00008277  __aeabi_cdrcmple              
00008457  __aeabi_d2f                   
000086d9  __aeabi_d2iz                  
00006e5f  __aeabi_dadd                  
0000772d  __aeabi_ddiv                  
00007b99  __aeabi_dmul                  
00006e55  __aeabi_dsub                  
00008a49  __aeabi_errno_addr            
0000881d  __aeabi_f2d                   
000088bd  __aeabi_i2d                   
0000700b  __aeabi_idiv0                 
0000700b  __aeabi_ldiv0                 
000082fd  __aeabi_memclr                
000082fd  __aeabi_memclr4               
000082fd  __aeabi_memclr8               
000080bf  __aeabi_memcpy                
000080bf  __aeabi_memcpy4               
000080bf  __aeabi_memcpy8               
000082ff  __aeabi_memset                
000082ff  __aeabi_memset4               
000082ff  __aeabi_memset8               
0000815b  __aeabi_uldivmod              
ffffffff  __binit__                     
ffffffff  __c_args__                    
00007329  __kernel_cos                  
00004b91  __kernel_rem_pio2             
000071b5  __kernel_sin                  
UNDEFED   __mpu_init                    
200052b8  __stack                       
20000000  __start___llvm_prf_cnts       
20000000  __stop___llvm_prf_cnts        
00008889  _c_int00_noargs               
00008bb8  _ctypes_                      
2000634c  _lock                         
000041bf  _nop                          
20006364  _running                      
20005ab8  _sys_memory                   
UNDEFED   _system_post_cinit            
00008a59  _system_pre_init              
200052b0  _timeout_ticks                
20006350  _unlock                       
00008a5d  abort                         
00007d8d  adc_init                      
00007df9  adc_read                      
000008bf  adjustPathAuto                
00007a99  aligned_alloc                 
200062f8  allowForward                  
0000868d  atoi                          
000012bb  automomousDriving             
ffffffff  binit                         
200062f2  boundaryValueL                
200062f4  boundaryValueR                
000007f9  bumpedLeft                    
00000851  bumpedRight                   
00007f81  button_getButton              
00007f55  button_init                   
00000d05  calculateData                 
00006b71  calibrate_Servo               
20006348  callPulse                     
000087e5  calloc                        
000023f9  checkGroundSensors            
0000088d  cliffDetected                 
000008a7  cliffIRValues                 
200062f6  cliffValue                    
000011ad  convertToCm                   
0000894d  copysign                      
0000894d  copysignl                     
000058a9  cos                           
000058a9  cosl                          
00001633  createMap                     
00002a07  createSong                    
200062b8  currentAngle                  
200062e0  distanceReading               
2000635c  errno                         
000013a5  extinguishFire                
20006340  falling_time                  
000011f1  findObjects                   
0000134f  findWhereToGo                 
200062f0  fireRawValue                  
20006366  flag                          
00007c95  floor                         
00007c95  floorl                        
00007e71  free                          
0000852d  frexp                         
0000852d  frexpl                        
20000000  g_pfnRAMVectors               
00000000  g_pfnVectors                  
00003263  go_charge                     
00006053  init_timer_interrupts         
000089fb  lcd_clear                     
0000656d  lcd_gotoLine                  
000063d5  lcd_init                      
00006495  lcd_putc                      
000064cd  lcd_puts                      
00006399  lcd_reverseNibble             
000064eb  lcd_sendCommand               
00006529  lcd_sendNibble                
00006595  lcd_setCursorPos              
00007989  ldexp                         
00007989  ldexpl                        
00006841  main                          
00008a51  malloc                        
000006dd  manualMove                    
0000061f  manualTurn                    
2000026c  mapArray                      
000019f5  mapPoint                      
00001fe1  mapSweep                      
00007a99  memalign                      
00008931  memccpy                       
000080bf  memcpy                        
00008305  memset                        
20006328  midAngle                      
200062d4  minLinearWidth                
200062d8  minWidthAngle                 
20006308  motor_cal_factor_L            
2000630c  motor_cal_factor_R            
000003e3  move_backward                 
0000026d  move_forward                  
200062d2  objectCount                   
00002b51  oi_alloc                      
0000338d  oi_checkFirmware              
00002bab  oi_close                      
00002b5d  oi_free                       
000036d1  oi_getMotorCalibrationLeft    
000036e5  oi_getMotorCalibrationRight   
00002b95  oi_init                       
00002b6d  oi_init_noupdate              
000031f9  oi_loadSong                   
0000897f  oi_parseInt                   
00002c0f  oi_parsePacket                
0000324f  oi_play_song                  
0000312f  oi_setLeds                    
00003695  oi_setMotorCalibration        
00003173  oi_setWheels                  
00003435  oi_shutoff_init               
00003271  oi_uartInit                   
00003315  oi_uartReceive                
0000335b  oi_uartSendBuff               
000032f9  oi_uartSendChar               
0000333d  oi_uartSendStr                
00002bbd  oi_update                     
200062d0  orbitingFire                  
00006b21  ourBot_Scan                   
000009b1  pingMidpoint                  
00005e85  ping_initialize               
00005f6d  ping_read                     
000041c1  pow                           
000041c1  powl                          
0000212d  printControls                 
00001bf1  printMap                      
20006344  professionallyNamedPulseCheck 
0000128d  resetTotalData                
2000633c  rising_time                   
00007989  scalbn                        
00007989  scalbnl                       
00005ef1  send_pulse                    
00000c31  senseForward                  
00006a85  servo_initialize              
00006b65  servo_movement                
00006be3  setServo                      
000052c9  sin                           
000052c9  sinl                          
200062dc  smallestDistance              
00008765  sprintf                       
00007499  sqrt                          
00007499  sqrtl                         
200052b4  state                         
000089af  strchr                        
00008997  strcmp                        
000089c5  strlen                        
200062e8  sumDis                        
00000af5  sweepFieldIR                  
000008ed  sweepFieldPing                
00006717  timer_getMicros               
000066bf  timer_getMillis               
000065f9  timer_init                    
0000669b  timer_pause                   
000066ad  timer_resume                  
00006671  timer_stop                    
00006771  timer_waitMicros              
000067a3  timer_waitMillis              
20006300  totalDistance                 
20006360  totalVal                      
2000512c  total_distance                
000004d3  turn_clockwise                
00000591  turn_counterClockwise         
200052b5  uart_data                     
0000700d  uart_init                     
00007131  uart_interrupt_handler        
000070f3  uart_interrupt_init           
00007095  uart_receive                  
00007079  uart_sendChar                 
000070b3  uart_sendStr                  
000016e5  updateMap                     
000089d9  wcslen                        
200062c0  xPos                          
200062c8  yPos                          


GLOBAL SYMBOLS: SORTED BY Symbol Address 

address   name                          
-------   ----                          
00000000  __TI_static_base__            
00000000  g_pfnVectors                  
0000026d  move_forward                  
000003e3  move_backward                 
000004d3  turn_clockwise                
00000591  turn_counterClockwise         
0000061f  manualTurn                    
000006dd  manualMove                    
000007f9  bumpedLeft                    
00000800  __STACK_SIZE                  
00000800  __SYSMEM_SIZE                 
00000851  bumpedRight                   
0000088d  cliffDetected                 
000008a7  cliffIRValues                 
000008bf  adjustPathAuto                
000008ed  sweepFieldPing                
000009b1  pingMidpoint                  
00000af5  sweepFieldIR                  
00000c31  senseForward                  
00000d05  calculateData                 
000011ad  convertToCm                   
000011f1  findObjects                   
0000128d  resetTotalData                
000012bb  automomousDriving             
0000134f  findWhereToGo                 
000013a5  extinguishFire                
00001633  createMap                     
000016e5  updateMap                     
000019f5  mapPoint                      
00001bf1  printMap                      
00001fe1  mapSweep                      
0000212d  printControls                 
000023f9  checkGroundSensors            
00002a07  createSong                    
00002b51  oi_alloc                      
00002b5d  oi_free                       
00002b6d  oi_init_noupdate              
00002b95  oi_init                       
00002bab  oi_close                      
00002bbd  oi_update                     
00002c0f  oi_parsePacket                
0000312f  oi_setLeds                    
00003173  oi_setWheels                  
000031f9  oi_loadSong                   
0000324f  oi_play_song                  
00003263  go_charge                     
00003271  oi_uartInit                   
000032f9  oi_uartSendChar               
00003315  oi_uartReceive                
0000333d  oi_uartSendStr                
0000335b  oi_uartSendBuff               
0000338d  oi_checkFirmware              
00003435  oi_shutoff_init               
000034a7  GPIOF_Handler                 
00003695  oi_setMotorCalibration        
000036d1  oi_getMotorCalibrationLeft    
000036e5  oi_getMotorCalibrationRight   
00003771  __TI_printfi                  
000041bf  _nop                          
000041c1  pow                           
000041c1  powl                          
00004b91  __kernel_rem_pio2             
000052c9  sin                           
000052c9  sinl                          
000058a9  cos                           
000058a9  cosl                          
00005e85  ping_initialize               
00005ef1  send_pulse                    
00005f6d  ping_read                     
00006053  init_timer_interrupts         
00006069  TIMER3B_Wrangler              
00006399  lcd_reverseNibble             
000063d5  lcd_init                      
00006495  lcd_putc                      
000064cd  lcd_puts                      
000064eb  lcd_sendCommand               
00006529  lcd_sendNibble                
0000656d  lcd_gotoLine                  
00006595  lcd_setCursorPos              
000065f9  timer_init                    
00006671  timer_stop                    
0000669b  timer_pause                   
000066ad  timer_resume                  
000066bf  timer_getMillis               
00006717  timer_getMicros               
00006771  timer_waitMicros              
000067a3  timer_waitMillis              
00006841  main                          
00006a85  servo_initialize              
00006b21  ourBot_Scan                   
00006b65  servo_movement                
00006b71  calibrate_Servo               
00006be3  setServo                      
00006e55  __aeabi_dsub                  
00006e5f  __aeabi_dadd                  
0000700b  __aeabi_idiv0                 
0000700b  __aeabi_ldiv0                 
0000700d  uart_init                     
00007079  uart_sendChar                 
00007095  uart_receive                  
000070b3  uart_sendStr                  
000070f3  uart_interrupt_init           
00007131  uart_interrupt_handler        
000071b5  __kernel_sin                  
00007329  __kernel_cos                  
00007499  sqrt                          
00007499  sqrtl                         
0000772d  __aeabi_ddiv                  
00007989  ldexp                         
00007989  ldexpl                        
00007989  scalbn                        
00007989  scalbnl                       
00007a99  aligned_alloc                 
00007a99  memalign                      
00007b99  __aeabi_dmul                  
00007c95  floor                         
00007c95  floorl                        
00007d8d  adc_init                      
00007df9  adc_read                      
00007e71  free                          
00007f55  button_init                   
00007f81  button_getButton              
000080bf  __aeabi_memcpy                
000080bf  __aeabi_memcpy4               
000080bf  __aeabi_memcpy8               
000080bf  memcpy                        
0000815b  __aeabi_uldivmod              
000081f1  __aeabi_cdcmpeq               
000081f1  __aeabi_cdcmple               
00008277  __aeabi_cdrcmple              
000082fd  __aeabi_memclr                
000082fd  __aeabi_memclr4               
000082fd  __aeabi_memclr8               
000082ff  __aeabi_memset                
000082ff  __aeabi_memset4               
000082ff  __aeabi_memset8               
00008305  memset                        
00008457  __aeabi_d2f                   
000084c5  __TI_decompress_lzss          
0000852d  frexp                         
0000852d  frexpl                        
000085e7  __TI_ltoa                     
0000868d  atoi                          
000086d9  __aeabi_d2iz                  
00008721  __TI_auto_init_nobinit_nopinit
00008765  sprintf                       
000087e5  calloc                        
0000881d  __aeabi_f2d                   
00008855  IntRegister                   
00008889  _c_int00_noargs               
000088bd  __aeabi_i2d                   
00008931  memccpy                       
0000894d  copysign                      
0000894d  copysignl                     
0000897f  oi_parseInt                   
00008997  strcmp                        
000089af  strchr                        
000089c5  strlen                        
000089d9  wcslen                        
000089eb  IntMasterEnable               
000089fb  lcd_clear                     
00008a0b  __TI_decompress_none          
00008a19  CPUcpsie                      
00008a25  __TI_zero_init                
00008a31  ResetISR                      
00008a49  __aeabi_errno_addr            
00008a51  malloc                        
00008a59  _system_pre_init              
00008a5d  C$$EXIT                       
00008a5d  abort                         
00008bb8  _ctypes_                      
00008ddc  __TI_Handler_Table_Base       
00008de8  __TI_Handler_Table_Limit      
00008df8  __TI_CINIT_Base               
00008e10  __TI_CINIT_Limit              
20000000  __start___llvm_prf_cnts       
20000000  __stop___llvm_prf_cnts        
20000000  g_pfnRAMVectors               
2000026c  mapArray                      
2000512c  total_distance                
200052b0  _timeout_ticks                
200052b4  state                         
200052b5  uart_data                     
200052b8  __stack                       
200054b8  __STACK_TOP                   
20005ab8  __STACK_END                   
20005ab8  _sys_memory                   
200062b8  currentAngle                  
200062c0  xPos                          
200062c8  yPos                          
200062d0  orbitingFire                  
200062d2  objectCount                   
200062d4  minLinearWidth                
200062d8  minWidthAngle                 
200062dc  smallestDistance              
200062e0  distanceReading               
200062e8  sumDis                        
200062f0  fireRawValue                  
200062f2  boundaryValueL                
200062f4  boundaryValueR                
200062f6  cliffValue                    
200062f8  allowForward                  
20006300  totalDistance                 
20006308  motor_cal_factor_L            
2000630c  motor_cal_factor_R            
20006328  midAngle                      
2000633c  rising_time                   
20006340  falling_time                  
20006344  professionallyNamedPulseCheck 
20006348  callPulse                     
2000634c  _lock                         
20006350  _unlock                       
2000635c  errno                         
20006360  totalVal                      
20006364  _running                      
20006366  flag                          
ffffffff  __TI_pprof_out_hndl           
ffffffff  __TI_prof_data_size           
ffffffff  __TI_prof_data_start          
ffffffff  __binit__                     
ffffffff  __c_args__                    
ffffffff  binit                         
UNDEFED   __mpu_init                    
UNDEFED   _system_post_cinit            

[224 symbols]
